Archive member included to satisfy reference by file (symbol)

c:/st/stm32cubeide_1.4.0/stm32cubeide/plugins/com.st.stm32cube.ide.mcu.externaltools.gnu-tools-for-stm32.7-2018-q2-update.win32_1.4.0.202007081208/tools/bin/../lib/gcc/arm-none-eabi/7.3.1/../../../../arm-none-eabi/lib/thumb/v7e-m/fpv4-sp/hard\libc_nano.a(lib_a-errno.o)
                              Core/Src/syscalls.o (__errno)
c:/st/stm32cubeide_1.4.0/stm32cubeide/plugins/com.st.stm32cube.ide.mcu.externaltools.gnu-tools-for-stm32.7-2018-q2-update.win32_1.4.0.202007081208/tools/bin/../lib/gcc/arm-none-eabi/7.3.1/../../../../arm-none-eabi/lib/thumb/v7e-m/fpv4-sp/hard\libc_nano.a(lib_a-exit.o)
                              c:/st/stm32cubeide_1.4.0/stm32cubeide/plugins/com.st.stm32cube.ide.mcu.externaltools.gnu-tools-for-stm32.7-2018-q2-update.win32_1.4.0.202007081208/tools/bin/../lib/gcc/arm-none-eabi/7.3.1/../../../../arm-none-eabi/lib/thumb/v7e-m/fpv4-sp/hard/crt0.o (exit)
c:/st/stm32cubeide_1.4.0/stm32cubeide/plugins/com.st.stm32cube.ide.mcu.externaltools.gnu-tools-for-stm32.7-2018-q2-update.win32_1.4.0.202007081208/tools/bin/../lib/gcc/arm-none-eabi/7.3.1/../../../../arm-none-eabi/lib/thumb/v7e-m/fpv4-sp/hard\libc_nano.a(lib_a-impure.o)
                              c:/st/stm32cubeide_1.4.0/stm32cubeide/plugins/com.st.stm32cube.ide.mcu.externaltools.gnu-tools-for-stm32.7-2018-q2-update.win32_1.4.0.202007081208/tools/bin/../lib/gcc/arm-none-eabi/7.3.1/../../../../arm-none-eabi/lib/thumb/v7e-m/fpv4-sp/hard\libc_nano.a(lib_a-exit.o) (_global_impure_ptr)
c:/st/stm32cubeide_1.4.0/stm32cubeide/plugins/com.st.stm32cube.ide.mcu.externaltools.gnu-tools-for-stm32.7-2018-q2-update.win32_1.4.0.202007081208/tools/bin/../lib/gcc/arm-none-eabi/7.3.1/../../../../arm-none-eabi/lib/thumb/v7e-m/fpv4-sp/hard\libc_nano.a(lib_a-init.o)
                              c:/st/stm32cubeide_1.4.0/stm32cubeide/plugins/com.st.stm32cube.ide.mcu.externaltools.gnu-tools-for-stm32.7-2018-q2-update.win32_1.4.0.202007081208/tools/bin/../lib/gcc/arm-none-eabi/7.3.1/../../../../arm-none-eabi/lib/thumb/v7e-m/fpv4-sp/hard/crt0.o (__libc_init_array)
c:/st/stm32cubeide_1.4.0/stm32cubeide/plugins/com.st.stm32cube.ide.mcu.externaltools.gnu-tools-for-stm32.7-2018-q2-update.win32_1.4.0.202007081208/tools/bin/../lib/gcc/arm-none-eabi/7.3.1/../../../../arm-none-eabi/lib/thumb/v7e-m/fpv4-sp/hard\libc_nano.a(lib_a-memset.o)
                              c:/st/stm32cubeide_1.4.0/stm32cubeide/plugins/com.st.stm32cube.ide.mcu.externaltools.gnu-tools-for-stm32.7-2018-q2-update.win32_1.4.0.202007081208/tools/bin/../lib/gcc/arm-none-eabi/7.3.1/../../../../arm-none-eabi/lib/thumb/v7e-m/fpv4-sp/hard/crt0.o (memset)
c:/st/stm32cubeide_1.4.0/stm32cubeide/plugins/com.st.stm32cube.ide.mcu.externaltools.gnu-tools-for-stm32.7-2018-q2-update.win32_1.4.0.202007081208/tools/bin/../lib/gcc/arm-none-eabi/7.3.1/../../../../arm-none-eabi/lib/thumb/v7e-m/fpv4-sp/hard\libc_nano.a(lib_a-strcmp.o)
                              Core/Src/main.o (strcmp)
c:/st/stm32cubeide_1.4.0/stm32cubeide/plugins/com.st.stm32cube.ide.mcu.externaltools.gnu-tools-for-stm32.7-2018-q2-update.win32_1.4.0.202007081208/tools/bin/../lib/gcc/arm-none-eabi/7.3.1/thumb/v7e-m/fpv4-sp/hard\libgcc.a(_arm_addsubdf3.o)
                              Core/Src/main.o (__aeabi_f2d)
c:/st/stm32cubeide_1.4.0/stm32cubeide/plugins/com.st.stm32cube.ide.mcu.externaltools.gnu-tools-for-stm32.7-2018-q2-update.win32_1.4.0.202007081208/tools/bin/../lib/gcc/arm-none-eabi/7.3.1/thumb/v7e-m/fpv4-sp/hard\libgcc.a(_arm_muldivdf3.o)
                              Core/Src/main.o (__aeabi_dmul)
c:/st/stm32cubeide_1.4.0/stm32cubeide/plugins/com.st.stm32cube.ide.mcu.externaltools.gnu-tools-for-stm32.7-2018-q2-update.win32_1.4.0.202007081208/tools/bin/../lib/gcc/arm-none-eabi/7.3.1/thumb/v7e-m/fpv4-sp/hard\libgcc.a(_arm_truncdfsf2.o)
                              Core/Src/main.o (__aeabi_d2f)
c:/st/stm32cubeide_1.4.0/stm32cubeide/plugins/com.st.stm32cube.ide.mcu.externaltools.gnu-tools-for-stm32.7-2018-q2-update.win32_1.4.0.202007081208/tools/bin/../lib/gcc/arm-none-eabi/7.3.1/thumb/v7e-m/fpv4-sp/hard\libgcc.a(_aeabi_uldivmod.o)
                              Drivers/STM32F4xx_HAL_Driver/Src/stm32f4xx_hal_rcc.o (__aeabi_uldivmod)
c:/st/stm32cubeide_1.4.0/stm32cubeide/plugins/com.st.stm32cube.ide.mcu.externaltools.gnu-tools-for-stm32.7-2018-q2-update.win32_1.4.0.202007081208/tools/bin/../lib/gcc/arm-none-eabi/7.3.1/thumb/v7e-m/fpv4-sp/hard\libgcc.a(_udivmoddi4.o)
                              c:/st/stm32cubeide_1.4.0/stm32cubeide/plugins/com.st.stm32cube.ide.mcu.externaltools.gnu-tools-for-stm32.7-2018-q2-update.win32_1.4.0.202007081208/tools/bin/../lib/gcc/arm-none-eabi/7.3.1/thumb/v7e-m/fpv4-sp/hard\libgcc.a(_aeabi_uldivmod.o) (__udivmoddi4)
c:/st/stm32cubeide_1.4.0/stm32cubeide/plugins/com.st.stm32cube.ide.mcu.externaltools.gnu-tools-for-stm32.7-2018-q2-update.win32_1.4.0.202007081208/tools/bin/../lib/gcc/arm-none-eabi/7.3.1/thumb/v7e-m/fpv4-sp/hard\libgcc.a(_dvmd_tls.o)
[...]
Memory Configuration

Name             Origin             Length             Attributes
CCMRAM           0x0000000010000000 0x0000000000010000 xrw
RAM              0x0000000020000000 0x0000000000020000 xrw
FLASH            0x0000000008000000 0x0000000000100000 xr
*default*        0x0000000000000000 0xffffffffffffffff

Linker script and memory map

LOAD c:/st/stm32cubeide_1.4.0/stm32cubeide/plugins/com.st.stm32cube.ide.mcu.externaltools.gnu-tools-for-stm32.7-2018-q2-update.win32_1.4.0.202007081208/tools/bin/../lib/gcc/arm-none-eabi/7.3.1/thumb/v7e-m/fpv4-sp/hard/crti.o
LOAD c:/st/stm32cubeide_1.4.0/stm32cubeide/plugins/com.st.stm32cube.ide.mcu.externaltools.gnu-tools-for-stm32.7-2018-q2-update.win32_1.4.0.202007081208/tools/bin/../lib/gcc/arm-none-eabi/7.3.1/thumb/v7e-m/fpv4-sp/hard/crtbegin.o
LOAD c:/st/stm32cubeide_1.4.0/stm32cubeide/plugins/com.st.stm32cube.ide.mcu.externaltools.gnu-tools-for-stm32.7-2018-q2-update.win32_1.4.0.202007081208/tools/bin/../lib/gcc/arm-none-eabi/7.3.1/../../../../arm-none-eabi/lib/thumb/v7e-m/fpv4-sp/hard/crt0.o
LOAD Core/Src/MY_Keypad4x4.o
LOAD Core/Src/fonts.o
LOAD Core/Src/main.o
LOAD Core/Src/ssd1306.o
LOAD Core/Src/stm32f4xx_hal_msp.o
LOAD Core/Src/stm32f4xx_it.o
LOAD Core/Src/syscalls.o
LOAD Core/Src/sysmem.o
LOAD Core/Src/system_stm32f4xx.o
LOAD Core/Startup/startup_stm32f407vgtx.o
LOAD Drivers/STM32F4xx_HAL_Driver/Src/stm32f4xx_hal.o
LOAD Drivers/STM32F4xx_HAL_Driver/Src/stm32f4xx_hal_adc.o
LOAD Drivers/STM32F4xx_HAL_Driver/Src/stm32f4xx_hal_adc_ex.o
LOAD Drivers/STM32F4xx_HAL_Driver/Src/stm32f4xx_hal_cortex.o
LOAD Drivers/STM32F4xx_HAL_Driver/Src/stm32f4xx_hal_dma.o
LOAD Drivers/STM32F4xx_HAL_Driver/Src/stm32f4xx_hal_dma_ex.o
LOAD Drivers/STM32F4xx_HAL_Driver/Src/stm32f4xx_hal_exti.o
LOAD Drivers/STM32F4xx_HAL_Driver/Src/stm32f4xx_hal_flash.o
LOAD Drivers/STM32F4xx_HAL_Driver/Src/stm32f4xx_hal_flash_ex.o
LOAD Drivers/STM32F4xx_HAL_Driver/Src/stm32f4xx_hal_flash_ramfunc.o
LOAD Drivers/STM32F4xx_HAL_Driver/Src/stm32f4xx_hal_gpio.o
LOAD Drivers/STM32F4xx_HAL_Driver/Src/stm32f4xx_hal_i2c.o
LOAD Drivers/STM32F4xx_HAL_Driver/Src/stm32f4xx_hal_i2c_ex.o
LOAD Drivers/STM32F4xx_HAL_Driver/Src/stm32f4xx_hal_pwr.o
LOAD Drivers/STM32F4xx_HAL_Driver/Src/stm32f4xx_hal_pwr_ex.o
LOAD Drivers/STM32F4xx_HAL_Driver/Src/stm32f4xx_hal_rcc.o
LOAD Drivers/STM32F4xx_HAL_Driver/Src/stm32f4xx_hal_rcc_ex.o
LOAD Drivers/STM32F4xx_HAL_Driver/Src/stm32f4xx_hal_tim.o
LOAD Drivers/STM32F4xx_HAL_Driver/Src/stm32f4xx_hal_tim_ex.o
START GROUP
LOAD c:/st/stm32cubeide_1.4.0/stm32cubeide/plugins/com.st.stm32cube.ide.mcu.externaltools.gnu-tools-for-stm32.7-2018-q2-update.win32_1.4.0.202007081208/tools/bin/../lib/gcc/arm-none-eabi/7.3.1/../../../../arm-none-eabi/lib/thumb/v7e-m/fpv4-sp/hard\libc_nano.a
LOAD c:/st/stm32cubeide_1.4.0/stm32cubeide/plugins/com.st.stm32cube.ide.mcu.externaltools.gnu-tools-for-stm32.7-2018-q2-update.win32_1.4.0.202007081208/tools/bin/../lib/gcc/arm-none-eabi/7.3.1/../../../../arm-none-eabi/lib/thumb/v7e-m/fpv4-sp/hard\libm.a
END GROUP
START GROUP
LOAD c:/st/stm32cubeide_1.4.0/stm32cubeide/plugins/com.st.stm32cube.ide.mcu.externaltools.gnu-tools-for-stm32.7-2018-q2-update.win32_1.4.0.202007081208/tools/bin/../lib/gcc/arm-none-eabi/7.3.1/thumb/v7e-m/fpv4-sp/hard\libgcc.a
LOAD c:/st/stm32cubeide_1.4.0/stm32cubeide/plugins/com.st.stm32cube.ide.mcu.externaltools.gnu-tools-for-stm32.7-2018-q2-update.win32_1.4.0.202007081208/tools/bin/../lib/gcc/arm-none-eabi/7.3.1/../../../../arm-none-eabi/lib/thumb/v7e-m/fpv4-sp/hard\libc_nano.a
END GROUP
START GROUP
LOAD c:/st/stm32cubeide_1.4.0/stm32cubeide/plugins/com.st.stm32cube.ide.mcu.externaltools.gnu-tools-for-stm32.7-2018-q2-update.win32_1.4.0.202007081208/tools/bin/../lib/gcc/arm-none-eabi/7.3.1/thumb/v7e-m/fpv4-sp/hard\libgcc.a
LOAD c:/st/stm32cubeide_1.4.0/stm32cubeide/plugins/com.st.stm32cube.ide.mcu.externaltools.gnu-tools-for-stm32.7-2018-q2-update.win32_1.4.0.202007081208/tools/bin/../lib/gcc/arm-none-eabi/7.3.1/../../../../arm-none-eabi/lib/thumb/v7e-m/fpv4-sp/hard\libc_nano.a
LOAD c:/st/stm32cubeide_1.4.0/stm32cubeide/plugins/com.st.stm32cube.ide.mcu.externaltools.gnu-tools-for-stm32.7-2018-q2-update.win32_1.4.0.202007081208/tools/bin/../lib/gcc/arm-none-eabi/7.3.1/../../../../arm-none-eabi/lib/thumb/v7e-m/fpv4-sp/hard\libnosys.a
END GROUP
START GROUP
LOAD c:/st/stm32cubeide_1.4.0/stm32cubeide/plugins/com.st.stm32cube.ide.mcu.externaltools.gnu-tools-for-stm32.7-2018-q2-update.win32_1.4.0.202007081208/tools/bin/../lib/gcc/arm-none-eabi/7.3.1/thumb/v7e-m/fpv4-sp/hard\libgcc.a
LOAD c:/st/stm32cubeide_1.4.0/stm32cubeide/plugins/com.st.stm32cube.ide.mcu.externaltools.gnu-tools-for-stm32.7-2018-q2-update.win32_1.4.0.202007081208/tools/bin/../lib/gcc/arm-none-eabi/7.3.1/../../../../arm-none-eabi/lib/thumb/v7e-m/fpv4-sp/hard\libc_nano.a
LOAD c:/st/stm32cubeide_1.4.0/stm32cubeide/plugins/com.st.stm32cube.ide.mcu.externaltools.gnu-tools-for-stm32.7-2018-q2-update.win32_1.4.0.202007081208/tools/bin/../lib/gcc/arm-none-eabi/7.3.1/../../../../arm-none-eabi/lib/thumb/v7e-m/fpv4-sp/hard\libnosys.a
END GROUP
LOAD c:/st/stm32cubeide_1.4.0/stm32cubeide/plugins/com.st.stm32cube.ide.mcu.externaltools.gnu-tools-for-stm32.7-2018-q2-update.win32_1.4.0.202007081208/tools/bin/../lib/gcc/arm-none-eabi/7.3.1/thumb/v7e-m/fpv4-sp/hard/crtend.o
LOAD c:/st/stm32cubeide_1.4.0/stm32cubeide/plugins/com.st.stm32cube.ide.mcu.externaltools.gnu-tools-for-stm32.7-2018-q2-update.win32_1.4.0.202007081208/tools/bin/../lib/gcc/arm-none-eabi/7.3.1/thumb/v7e-m/fpv4-sp/hard/crtn.o
                0x0000000020020000                _estack = (ORIGIN (RAM) + LENGTH (RAM))
                0x0000000000000200                _Min_Heap_Size = 0x200
                0x0000000000000400                _Min_Stack_Size = 0x400

.isr_vector     0x0000000008000000      0x188
                0x0000000008000000                . = ALIGN (0x4)
 *(.isr_vector)
 .isr_vector    0x0000000008000000      0x188 Core/Startup/startup_stm32f407vgtx.o
                0x0000000008000000                g_pfnVectors
                0x0000000008000188                . = ALIGN (0x4)

.text           0x0000000008000188     0x69b4
                0x0000000008000188                . = ALIGN (0x4)
 *(.text)
 .text          0x0000000008000188       0x40 c:/st/stm32cubeide_1.4.0/stm32cubeide/plugins/com.st.stm32cube.ide.mcu.externaltools.gnu-tools-for-stm32.7-2018-q2-update.win32_1.4.0.202007081208/tools/bin/../lib/gcc/arm-none-eabi/7.3.1/thumb/v7e-m/fpv4-sp/hard/crtbegin.o
 .text          0x00000000080001c8       0x14 c:/st/stm32cubeide_1.4.0/stm32cubeide/plugins/com.st.stm32cube.ide.mcu.externaltools.gnu-tools-for-stm32.7-2018-q2-update.win32_1.4.0.202007081208/tools/bin/../lib/gcc/arm-none-eabi/7.3.1/../../../../arm-none-eabi/lib/thumb/v7e-m/fpv4-sp/hard\libc_nano.a(lib_a-strcmp.o)
                0x00000000080001c8                strcmp
 .text          0x00000000080001dc      0x378 c:/st/stm32cubeide_1.4.0/stm32cubeide/plugins/com.st.stm32cube.ide.mcu.externaltools.gnu-tools-for-stm32.7-2018-q2-update.win32_1.4.0.202007081208/tools/bin/../lib/gcc/arm-none-eabi/7.3.1/thumb/v7e-m/fpv4-sp/hard\libgcc.a(_arm_addsubdf3.o)
                0x00000000080001dc                __aeabi_drsub
                0x00000000080001e4                __aeabi_dsub
                0x00000000080001e4                __subdf3
                0x00000000080001e8                __aeabi_dadd
                0x00000000080001e8                __adddf3
                0x0000000008000460                __floatunsidf
                0x0000000008000460                __aeabi_ui2d
                0x0000000008000480                __floatsidf
                0x0000000008000480                __aeabi_i2d
                0x00000000080004a4                __aeabi_f2d
                0x00000000080004a4                __extendsfdf2
                0x00000000080004e8                __floatundidf
                0x00000000080004e8                __aeabi_ul2d
                0x00000000080004f8                __floatdidf
                0x00000000080004f8                __aeabi_l2d
 .text          0x0000000008000554      0x424 c:/st/stm32cubeide_1.4.0/stm32cubeide/plugins/com.st.stm32cube.ide.mcu.externaltools.gnu-tools-for-stm32.7-2018-q2-update.win32_1.4.0.202007081208/tools/bin/../lib/gcc/arm-none-eabi/7.3.1/thumb/v7e-m/fpv4-sp/hard\libgcc.a(_arm_muldivdf3.o)
                0x0000000008000554                __aeabi_dmul
                0x0000000008000554                __muldf3
                0x00000000080007a8                __divdf3
                0x00000000080007a8                __aeabi_ddiv
 .text          0x0000000008000978       0xa0 c:/st/stm32cubeide_1.4.0/stm32cubeide/plugins/com.st.stm32cube.ide.mcu.externaltools.gnu-tools-for-stm32.7-2018-q2-update.win32_1.4.0.202007081208/tools/bin/../lib/gcc/arm-none-eabi/7.3.1/thumb/v7e-m/fpv4-sp/hard\libgcc.a(_arm_truncdfsf2.o)
                0x0000000008000978                __truncdfsf2
                0x0000000008000978                __aeabi_d2f
 .text          0x0000000008000a18       0x30 c:/st/stm32cubeide_1.4.0/stm32cubeide/plugins/com.st.stm32cube.ide.mcu.externaltools.gnu-tools-for-stm32.7-2018-q2-update.win32_1.4.0.202007081208/tools/bin/../lib/gcc/arm-none-eabi/7.3.1/thumb/v7e-m/fpv4-sp/hard\libgcc.a(_aeabi_uldivmod.o)
                0x0000000008000a18                __aeabi_uldivmod
 .text          0x0000000008000a48      0x2cc c:/st/stm32cubeide_1.4.0/stm32cubeide/plugins/com.st.stm32cube.ide.mcu.externaltools.gnu-tools-for-stm32.7-2018-q2-update.win32_1.4.0.202007081208/tools/bin/../lib/gcc/arm-none-eabi/7.3.1/thumb/v7e-m/fpv4-sp/hard\libgcc.a(_udivmoddi4.o)
                0x0000000008000a48                __udivmoddi4
 .text          0x0000000008000d14        0x4 c:/st/stm32cubeide_1.4.0/stm32cubeide/plugins/com.st.stm32cube.ide.mcu.externaltools.gnu-tools-for-stm32.7-2018-q2-update.win32_1.4.0.202007081208/tools/bin/../lib/gcc/arm-none-eabi/7.3.1/thumb/v7e-m/fpv4-sp/hard\libgcc.a(_dvmd_tls.o)
                0x0000000008000d14                __aeabi_idiv0
                0x0000000008000d14                __aeabi_ldiv0
 *(.text*)
 .text.Keypad4x4_Init
                0x0000000008000d18       0xdc Core/Src/MY_Keypad4x4.o
                0x0000000008000d18                Keypad4x4_Init
 .text.Keypad4x4_FindPins_positions
                0x0000000008000df4       0x98 Core/Src/MY_Keypad4x4.o
                0x0000000008000df4                Keypad4x4_FindPins_positions
 .text.Keypad4x4_ChangeColomn
                0x0000000008000e8c      0x1dc Core/Src/MY_Keypad4x4.o
                0x0000000008000e8c                Keypad4x4_ChangeColomn
 .text.Keypad4x4_ReadKeypad
                0x0000000008001068      0x268 Core/Src/MY_Keypad4x4.o
                0x0000000008001068                Keypad4x4_ReadKeypad
 .text.Keypad4x4_GetChar
                0x00000000080012d0       0x24 Core/Src/MY_Keypad4x4.o
                0x00000000080012d0                Keypad4x4_GetChar
 .text.main     0x00000000080012f4      0x52c Core/Src/main.o
                0x00000000080012f4                main
 .text.SystemClock_Config
                0x0000000008001820       0xd4 Core/Src/main.o
                0x0000000008001820                SystemClock_Config
 .text.MX_ADC1_Init
                0x00000000080018f4       0xa4 Core/Src/main.o
 .text.MX_I2C1_Init
                0x0000000008001998       0x5c Core/Src/main.o
 .text.MX_TIM1_Init
                0x00000000080019f4       0xa0 Core/Src/main.o
 .text.MX_TIM3_Init
                0x0000000008001a94       0xe0 Core/Src/main.o
 .text.MX_TIM4_Init
                0x0000000008001b74       0xec Core/Src/main.o
 .text.MX_DMA_Init
                0x0000000008001c60       0x40 Core/Src/main.o
 .text.MX_GPIO_Init
                0x0000000008001ca0      0x17c Core/Src/main.o
 .text.HAL_GPIO_EXTI_Callback
                0x0000000008001e1c       0x20 Core/Src/main.o
                0x0000000008001e1c                HAL_GPIO_EXTI_Callback
 .text.usDelay  0x0000000008001e3c       0x64 Core/Src/main.o
                0x0000000008001e3c                usDelay
 .text.HAL_TIM_IC_CaptureCallback
                0x0000000008001ea0       0x60 Core/Src/main.o
                0x0000000008001ea0                HAL_TIM_IC_CaptureCallback
 .text.dist_Ultrasonidos
                0x0000000008001f00      0x104 Core/Src/main.o
                0x0000000008001f00                dist_Ultrasonidos
 .text.animacion_ojos
                0x0000000008002004      0x214 Core/Src/main.o
                0x0000000008002004                animacion_ojos
 .text.Error_Handler
                0x0000000008002218        0xe Core/Src/main.o
                0x0000000008002218                Error_Handler
 .text.ssd1306_WriteCommand
                0x0000000008002226       0x2e Core/Src/ssd1306.o
 .text.ssd1306_Init
                0x0000000008002254      0x240 Core/Src/ssd1306.o
                0x0000000008002254                ssd1306_Init
 .text.ssd1306_Fill
                0x0000000008002494       0x44 Core/Src/ssd1306.o
                0x0000000008002494                ssd1306_Fill
 .text.ssd1306_UpdateScreen
                0x00000000080024d8       0x64 Core/Src/ssd1306.o
                0x00000000080024d8                ssd1306_UpdateScreen
 .text.ssd1306_DrawPixel
                0x000000000800253c       0xc0 Core/Src/ssd1306.o
                0x000000000800253c                ssd1306_DrawPixel
 .text.ssd1306_WriteChar
                0x00000000080025fc      0x100 Core/Src/ssd1306.o
                0x00000000080025fc                ssd1306_WriteChar
 .text.ssd1306_WriteString
                0x00000000080026fc       0x4c Core/Src/ssd1306.o
                0x00000000080026fc                ssd1306_WriteString
 .text.ssd1306_SetCursor
                0x0000000008002748       0x30 Core/Src/ssd1306.o
                0x0000000008002748                ssd1306_SetCursor
 .text.ssd1306_DrawBitmap
                0x0000000008002778       0xd4 Core/Src/ssd1306.o
                0x0000000008002778                ssd1306_DrawBitmap
 .text.HAL_MspInit
                0x000000000800284c       0x50 Core/Src/stm32f4xx_hal_msp.o
                0x000000000800284c                HAL_MspInit
 .text.HAL_ADC_MspInit
                0x000000000800289c      0x100 Core/Src/stm32f4xx_hal_msp.o
                0x000000000800289c                HAL_ADC_MspInit
 .text.HAL_I2C_MspInit
                0x000000000800299c       0x90 Core/Src/stm32f4xx_hal_msp.o
                0x000000000800299c                HAL_I2C_MspInit
 .text.HAL_TIM_Base_MspInit
                0x0000000008002a2c       0xf8 Core/Src/stm32f4xx_hal_msp.o
                0x0000000008002a2c                HAL_TIM_Base_MspInit
 .text.HAL_TIM_MspPostInit
                0x0000000008002b24       0x74 Core/Src/stm32f4xx_hal_msp.o
                0x0000000008002b24                HAL_TIM_MspPostInit
 .text.NMI_Handler
                0x0000000008002b98        0xe Core/Src/stm32f4xx_it.o
                0x0000000008002b98                NMI_Handler
 .text.HardFault_Handler
                0x0000000008002ba6        0x6 Core/Src/stm32f4xx_it.o
                0x0000000008002ba6                HardFault_Handler
 .text.MemManage_Handler
                0x0000000008002bac        0x6 Core/Src/stm32f4xx_it.o
                0x0000000008002bac                MemManage_Handler
 .text.BusFault_Handler
                0x0000000008002bb2        0x6 Core/Src/stm32f4xx_it.o
                0x0000000008002bb2                BusFault_Handler
 .text.UsageFault_Handler
                0x0000000008002bb8        0x6 Core/Src/stm32f4xx_it.o
                0x0000000008002bb8                UsageFault_Handler
 .text.SVC_Handler
                0x0000000008002bbe        0xe Core/Src/stm32f4xx_it.o
                0x0000000008002bbe                SVC_Handler
 .text.DebugMon_Handler
                0x0000000008002bcc        0xe Core/Src/stm32f4xx_it.o
                0x0000000008002bcc                DebugMon_Handler
 .text.PendSV_Handler
                0x0000000008002bda        0xe Core/Src/stm32f4xx_it.o
                0x0000000008002bda                PendSV_Handler
 .text.SysTick_Handler
                0x0000000008002be8        0xc Core/Src/stm32f4xx_it.o
                0x0000000008002be8                SysTick_Handler
 .text.EXTI0_IRQHandler
                0x0000000008002bf4        0xe Core/Src/stm32f4xx_it.o
                0x0000000008002bf4                EXTI0_IRQHandler
 *fill*         0x0000000008002c02        0x2 
 .text.ADC_IRQHandler
                0x0000000008002c04       0x14 Core/Src/stm32f4xx_it.o
                0x0000000008002c04                ADC_IRQHandler
 .text.TIM3_IRQHandler
                0x0000000008002c18       0x14 Core/Src/stm32f4xx_it.o
                0x0000000008002c18                TIM3_IRQHandler
 .text.DMA2_Stream0_IRQHandler
                0x0000000008002c2c       0x14 Core/Src/stm32f4xx_it.o
                0x0000000008002c2c                DMA2_Stream0_IRQHandler
 .text.SystemInit
                0x0000000008002c40       0x2c Core/Src/system_stm32f4xx.o
                0x0000000008002c40                SystemInit
 .text.Reset_Handler
                0x0000000008002c6c       0x50 Core/Startup/startup_stm32f407vgtx.o
                0x0000000008002c6c                Reset_Handler
 .text.Default_Handler
                0x0000000008002cbc        0x2 Core/Startup/startup_stm32f407vgtx.o
                0x0000000008002cbc                RTC_Alarm_IRQHandler
                0x0000000008002cbc                HASH_RNG_IRQHandler
                0x0000000008002cbc                EXTI2_IRQHandler
                0x0000000008002cbc                TIM8_CC_IRQHandler
                0x0000000008002cbc                TIM1_CC_IRQHandler
                0x0000000008002cbc                DMA2_Stream5_IRQHandler
                0x0000000008002cbc                DMA1_Stream5_IRQHandler
                0x0000000008002cbc                PVD_IRQHandler
                0x0000000008002cbc                SDIO_IRQHandler
                0x0000000008002cbc                TAMP_STAMP_IRQHandler
                0x0000000008002cbc                CAN2_RX1_IRQHandler
                0x0000000008002cbc                EXTI3_IRQHandler
                0x0000000008002cbc                TIM8_TRG_COM_TIM14_IRQHandler
                0x0000000008002cbc                TIM1_UP_TIM10_IRQHandler
                0x0000000008002cbc                TIM8_UP_TIM13_IRQHandler
                0x0000000008002cbc                I2C3_ER_IRQHandler
                0x0000000008002cbc                I2C2_EV_IRQHandler
                0x0000000008002cbc                DMA1_Stream2_IRQHandler
                0x0000000008002cbc                CAN1_RX0_IRQHandler
                0x0000000008002cbc                FPU_IRQHandler
                0x0000000008002cbc                OTG_HS_WKUP_IRQHandler
                0x0000000008002cbc                CAN2_SCE_IRQHandler
                0x0000000008002cbc                DMA2_Stream2_IRQHandler
                0x0000000008002cbc                SPI1_IRQHandler
                0x0000000008002cbc                TIM6_DAC_IRQHandler
                0x0000000008002cbc                TIM1_BRK_TIM9_IRQHandler
                0x0000000008002cbc                DCMI_IRQHandler
                0x0000000008002cbc                CAN2_RX0_IRQHandler
                0x0000000008002cbc                DMA2_Stream3_IRQHandler
                0x0000000008002cbc                USART6_IRQHandler
                0x0000000008002cbc                USART3_IRQHandler
                0x0000000008002cbc                CAN1_RX1_IRQHandler
                0x0000000008002cbc                UART5_IRQHandler
                0x0000000008002cbc                TIM4_IRQHandler
                0x0000000008002cbc                I2C1_EV_IRQHandler
                0x0000000008002cbc                DMA1_Stream6_IRQHandler
                0x0000000008002cbc                DMA1_Stream1_IRQHandler
                0x0000000008002cbc                UART4_IRQHandler
                0x0000000008002cbc                RCC_IRQHandler
                0x0000000008002cbc                TIM8_BRK_TIM12_IRQHandler
                0x0000000008002cbc                Default_Handler
                0x0000000008002cbc                EXTI15_10_IRQHandler
                0x0000000008002cbc                DMA1_Stream7_IRQHandler
                0x0000000008002cbc                TIM7_IRQHandler
                0x0000000008002cbc                CAN2_TX_IRQHandler
                0x0000000008002cbc                TIM5_IRQHandler
                0x0000000008002cbc                DMA2_Stream7_IRQHandler
                0x0000000008002cbc                I2C3_EV_IRQHandler
                0x0000000008002cbc                EXTI9_5_IRQHandler
                0x0000000008002cbc                RTC_WKUP_IRQHandler
                0x0000000008002cbc                ETH_WKUP_IRQHandler
                0x0000000008002cbc                SPI2_IRQHandler
                0x0000000008002cbc                OTG_HS_EP1_IN_IRQHandler
                0x0000000008002cbc                DMA1_Stream0_IRQHandler
                0x0000000008002cbc                CAN1_TX_IRQHandler
                0x0000000008002cbc                EXTI4_IRQHandler
                0x0000000008002cbc                FSMC_IRQHandler
                0x0000000008002cbc                ETH_IRQHandler
                0x0000000008002cbc                OTG_HS_EP1_OUT_IRQHandler
                0x0000000008002cbc                WWDG_IRQHandler
                0x0000000008002cbc                TIM2_IRQHandler
                0x0000000008002cbc                OTG_FS_WKUP_IRQHandler
                0x0000000008002cbc                TIM1_TRG_COM_TIM11_IRQHandler
                0x0000000008002cbc                OTG_HS_IRQHandler
                0x0000000008002cbc                EXTI1_IRQHandler
                0x0000000008002cbc                USART2_IRQHandler
                0x0000000008002cbc                I2C2_ER_IRQHandler
                0x0000000008002cbc                DMA2_Stream1_IRQHandler
                0x0000000008002cbc                CAN1_SCE_IRQHandler
                0x0000000008002cbc                FLASH_IRQHandler
                0x0000000008002cbc                DMA2_Stream4_IRQHandler
                0x0000000008002cbc                USART1_IRQHandler
                0x0000000008002cbc                OTG_FS_IRQHandler
                0x0000000008002cbc                SPI3_IRQHandler
                0x0000000008002cbc                DMA1_Stream4_IRQHandler
                0x0000000008002cbc                I2C1_ER_IRQHandler
                0x0000000008002cbc                DMA2_Stream6_IRQHandler
                0x0000000008002cbc                DMA1_Stream3_IRQHandler
 *fill*         0x0000000008002cbe        0x2 
 .text.HAL_Init
                0x0000000008002cc0       0x44 Drivers/STM32F4xx_HAL_Driver/Src/stm32f4xx_hal.o
                0x0000000008002cc0                HAL_Init
 .text.HAL_InitTick
                0x0000000008002d04       0x60 Drivers/STM32F4xx_HAL_Driver/Src/stm32f4xx_hal.o
                0x0000000008002d04                HAL_InitTick
 .text.HAL_IncTick
                0x0000000008002d64       0x28 Drivers/STM32F4xx_HAL_Driver/Src/stm32f4xx_hal.o
                0x0000000008002d64                HAL_IncTick
 .text.HAL_GetTick
                0x0000000008002d8c       0x18 Drivers/STM32F4xx_HAL_Driver/Src/stm32f4xx_hal.o
                0x0000000008002d8c                HAL_GetTick
 .text.HAL_Delay
                0x0000000008002da4       0x44 Drivers/STM32F4xx_HAL_Driver/Src/stm32f4xx_hal.o
                0x0000000008002da4                HAL_Delay
 .text.HAL_ADC_Init
                0x0000000008002de8       0x86 Drivers/STM32F4xx_HAL_Driver/Src/stm32f4xx_hal_adc.o
                0x0000000008002de8                HAL_ADC_Init
 .text.HAL_ADC_IRQHandler
                0x0000000008002e6e      0x282 Drivers/STM32F4xx_HAL_Driver/Src/stm32f4xx_hal_adc.o
                0x0000000008002e6e                HAL_ADC_IRQHandler
 .text.HAL_ADC_Start_DMA
                0x00000000080030f0      0x1e4 Drivers/STM32F4xx_HAL_Driver/Src/stm32f4xx_hal_adc.o
                0x00000000080030f0                HAL_ADC_Start_DMA
 .text.HAL_ADC_ConvCpltCallback
                0x00000000080032d4       0x14 Drivers/STM32F4xx_HAL_Driver/Src/stm32f4xx_hal_adc.o
                0x00000000080032d4                HAL_ADC_ConvCpltCallback
 .text.HAL_ADC_ConvHalfCpltCallback
                0x00000000080032e8       0x14 Drivers/STM32F4xx_HAL_Driver/Src/stm32f4xx_hal_adc.o
                0x00000000080032e8                HAL_ADC_ConvHalfCpltCallback
 .text.HAL_ADC_LevelOutOfWindowCallback
                0x00000000080032fc       0x14 Drivers/STM32F4xx_HAL_Driver/Src/stm32f4xx_hal_adc.o
                0x00000000080032fc                HAL_ADC_LevelOutOfWindowCallback
 .text.HAL_ADC_ErrorCallback
                0x0000000008003310       0x14 Drivers/STM32F4xx_HAL_Driver/Src/stm32f4xx_hal_adc.o
                0x0000000008003310                HAL_ADC_ErrorCallback
 .text.HAL_ADC_ConfigChannel
                0x0000000008003324      0x244 Drivers/STM32F4xx_HAL_Driver/Src/stm32f4xx_hal_adc.o
                0x0000000008003324                HAL_ADC_ConfigChannel
 .text.ADC_Init
                0x0000000008003568      0x1f8 Drivers/STM32F4xx_HAL_Driver/Src/stm32f4xx_hal_adc.o
 .text.ADC_DMAConvCplt
                0x0000000008003760       0xba Drivers/STM32F4xx_HAL_Driver/Src/stm32f4xx_hal_adc.o
 .text.ADC_DMAHalfConvCplt
                0x000000000800381a       0x1c Drivers/STM32F4xx_HAL_Driver/Src/stm32f4xx_hal_adc.o
 .text.ADC_DMAError
                0x0000000008003836       0x2e Drivers/STM32F4xx_HAL_Driver/Src/stm32f4xx_hal_adc.o
 .text.HAL_ADCEx_InjectedConvCpltCallback
                0x0000000008003864       0x14 Drivers/STM32F4xx_HAL_Driver/Src/stm32f4xx_hal_adc_ex.o
                0x0000000008003864                HAL_ADCEx_InjectedConvCpltCallback
 .text.__NVIC_SetPriorityGrouping
                0x0000000008003878       0x48 Drivers/STM32F4xx_HAL_Driver/Src/stm32f4xx_hal_cortex.o
 .text.__NVIC_GetPriorityGrouping
                0x00000000080038c0       0x1c Drivers/STM32F4xx_HAL_Driver/Src/stm32f4xx_hal_cortex.o
 .text.__NVIC_EnableIRQ
                0x00000000080038dc       0x3c Drivers/STM32F4xx_HAL_Driver/Src/stm32f4xx_hal_cortex.o
 .text.__NVIC_SetPriority
                0x0000000008003918       0x54 Drivers/STM32F4xx_HAL_Driver/Src/stm32f4xx_hal_cortex.o
 .text.NVIC_EncodePriority
                0x000000000800396c       0x66 Drivers/STM32F4xx_HAL_Driver/Src/stm32f4xx_hal_cortex.o
 *fill*         0x00000000080039d2        0x2 
 .text.SysTick_Config
                0x00000000080039d4       0x44 Drivers/STM32F4xx_HAL_Driver/Src/stm32f4xx_hal_cortex.o
 .text.HAL_NVIC_SetPriorityGrouping
                0x0000000008003a18       0x16 Drivers/STM32F4xx_HAL_Driver/Src/stm32f4xx_hal_cortex.o
                0x0000000008003a18                HAL_NVIC_SetPriorityGrouping
 .text.HAL_NVIC_SetPriority
                0x0000000008003a2e       0x38 Drivers/STM32F4xx_HAL_Driver/Src/stm32f4xx_hal_cortex.o
                0x0000000008003a2e                HAL_NVIC_SetPriority
 .text.HAL_NVIC_EnableIRQ
                0x0000000008003a66       0x1c Drivers/STM32F4xx_HAL_Driver/Src/stm32f4xx_hal_cortex.o
                0x0000000008003a66                HAL_NVIC_EnableIRQ
 .text.HAL_SYSTICK_Config
                0x0000000008003a82       0x18 Drivers/STM32F4xx_HAL_Driver/Src/stm32f4xx_hal_cortex.o
                0x0000000008003a82                HAL_SYSTICK_Config
 *fill*         0x0000000008003a9a        0x2 
 .text.HAL_DMA_Init
                0x0000000008003a9c      0x15c Drivers/STM32F4xx_HAL_Driver/Src/stm32f4xx_hal_dma.o
                0x0000000008003a9c                HAL_DMA_Init
 .text.HAL_DMA_Start_IT
                0x0000000008003bf8       0xb0 Drivers/STM32F4xx_HAL_Driver/Src/stm32f4xx_hal_dma.o
                0x0000000008003bf8                HAL_DMA_Start_IT
 .text.HAL_DMA_IRQHandler
                0x0000000008003ca8      0x314 Drivers/STM32F4xx_HAL_Driver/Src/stm32f4xx_hal_dma.o
                0x0000000008003ca8                HAL_DMA_IRQHandler
 .text.DMA_SetConfig
                0x0000000008003fbc       0x5c Drivers/STM32F4xx_HAL_Driver/Src/stm32f4xx_hal_dma.o
 .text.DMA_CalcBaseAndBitshift
                0x0000000008004018       0x6c Drivers/STM32F4xx_HAL_Driver/Src/stm32f4xx_hal_dma.o
 .text.DMA_CheckFifoParam
                0x0000000008004084       0xf4 Drivers/STM32F4xx_HAL_Driver/Src/stm32f4xx_hal_dma.o
 .text.HAL_GPIO_Init
                0x0000000008004178      0x334 Drivers/STM32F4xx_HAL_Driver/Src/stm32f4xx_hal_gpio.o
                0x0000000008004178                HAL_GPIO_Init
 .text.HAL_GPIO_ReadPin
                0x00000000080044ac       0x30 Drivers/STM32F4xx_HAL_Driver/Src/stm32f4xx_hal_gpio.o
                0x00000000080044ac                HAL_GPIO_ReadPin
 .text.HAL_GPIO_WritePin
                0x00000000080044dc       0x32 Drivers/STM32F4xx_HAL_Driver/Src/stm32f4xx_hal_gpio.o
                0x00000000080044dc                HAL_GPIO_WritePin
 *fill*         0x000000000800450e        0x2 
 .text.HAL_GPIO_EXTI_IRQHandler
                0x0000000008004510       0x30 Drivers/STM32F4xx_HAL_Driver/Src/stm32f4xx_hal_gpio.o
                0x0000000008004510                HAL_GPIO_EXTI_IRQHandler
 .text.HAL_I2C_Init
                0x0000000008004540      0x270 Drivers/STM32F4xx_HAL_Driver/Src/stm32f4xx_hal_i2c.o
                0x0000000008004540                HAL_I2C_Init
 .text.HAL_I2C_Mem_Write
                0x00000000080047b0      0x1f4 Drivers/STM32F4xx_HAL_Driver/Src/stm32f4xx_hal_i2c.o
                0x00000000080047b0                HAL_I2C_Mem_Write
 .text.I2C_RequestMemoryWrite
                0x00000000080049a4      0x12c Drivers/STM32F4xx_HAL_Driver/Src/stm32f4xx_hal_i2c.o
 .text.I2C_WaitOnFlagUntilTimeout
                0x0000000008004ad0       0xae Drivers/STM32F4xx_HAL_Driver/Src/stm32f4xx_hal_i2c.o
 .text.I2C_WaitOnMasterAddressFlagUntilTimeout
                0x0000000008004b7e       0xfe Drivers/STM32F4xx_HAL_Driver/Src/stm32f4xx_hal_i2c.o
 .text.I2C_WaitOnTXEFlagUntilTimeout
                0x0000000008004c7c       0x82 Drivers/STM32F4xx_HAL_Driver/Src/stm32f4xx_hal_i2c.o
 .text.I2C_WaitOnBTFFlagUntilTimeout
                0x0000000008004cfe       0x82 Drivers/STM32F4xx_HAL_Driver/Src/stm32f4xx_hal_i2c.o
 .text.I2C_IsAcknowledgeFailed
                0x0000000008004d80       0x5e Drivers/STM32F4xx_HAL_Driver/Src/stm32f4xx_hal_i2c.o
 *fill*         0x0000000008004dde        0x2 
 .text.HAL_RCC_OscConfig
                0x0000000008004de0      0x4e0 Drivers/STM32F4xx_HAL_Driver/Src/stm32f4xx_hal_rcc.o
                0x0000000008004de0                HAL_RCC_OscConfig
 .text.HAL_RCC_ClockConfig
                0x00000000080052c0      0x1cc Drivers/STM32F4xx_HAL_Driver/Src/stm32f4xx_hal_rcc.o
                0x00000000080052c0                HAL_RCC_ClockConfig
 .text.HAL_RCC_GetSysClockFreq
                0x000000000800548c      0x1b0 Drivers/STM32F4xx_HAL_Driver/Src/stm32f4xx_hal_rcc.o
                0x000000000800548c                HAL_RCC_GetSysClockFreq
 .text.HAL_RCC_GetHCLKFreq
                0x000000000800563c       0x18 Drivers/STM32F4xx_HAL_Driver/Src/stm32f4xx_hal_rcc.o
                0x000000000800563c                HAL_RCC_GetHCLKFreq
 .text.HAL_RCC_GetPCLK1Freq
                0x0000000008005654       0x28 Drivers/STM32F4xx_HAL_Driver/Src/stm32f4xx_hal_rcc.o
                0x0000000008005654                HAL_RCC_GetPCLK1Freq
 .text.HAL_TIM_Base_Init
                0x000000000800567c       0x56 Drivers/STM32F4xx_HAL_Driver/Src/stm32f4xx_hal_tim.o
                0x000000000800567c                HAL_TIM_Base_Init
 .text.HAL_TIM_Base_Start
                0x00000000080056d2       0x48 Drivers/STM32F4xx_HAL_Driver/Src/stm32f4xx_hal_tim.o
                0x00000000080056d2                HAL_TIM_Base_Start
 .text.HAL_TIM_PWM_Init
                0x000000000800571a       0x56 Drivers/STM32F4xx_HAL_Driver/Src/stm32f4xx_hal_tim.o
                0x000000000800571a                HAL_TIM_PWM_Init
 .text.HAL_TIM_PWM_MspInit
                0x0000000008005770       0x14 Drivers/STM32F4xx_HAL_Driver/Src/stm32f4xx_hal_tim.o
                0x0000000008005770                HAL_TIM_PWM_MspInit
 .text.HAL_TIM_PWM_Start
                0x0000000008005784       0x7c Drivers/STM32F4xx_HAL_Driver/Src/stm32f4xx_hal_tim.o
                0x0000000008005784                HAL_TIM_PWM_Start
 .text.HAL_TIM_IC_Init
                0x0000000008005800       0x56 Drivers/STM32F4xx_HAL_Driver/Src/stm32f4xx_hal_tim.o
                0x0000000008005800                HAL_TIM_IC_Init
 .text.HAL_TIM_IC_MspInit
                0x0000000008005856       0x14 Drivers/STM32F4xx_HAL_Driver/Src/stm32f4xx_hal_tim.o
                0x0000000008005856                HAL_TIM_IC_MspInit
 *fill*         0x000000000800586a        0x2 
 .text.HAL_TIM_IC_Start_IT
                0x000000000800586c       0xd0 Drivers/STM32F4xx_HAL_Driver/Src/stm32f4xx_hal_tim.o
                0x000000000800586c                HAL_TIM_IC_Start_IT
 .text.HAL_TIM_IC_Stop_IT
                0x000000000800593c       0xe0 Drivers/STM32F4xx_HAL_Driver/Src/stm32f4xx_hal_tim.o
                0x000000000800593c                HAL_TIM_IC_Stop_IT
 .text.HAL_TIM_IRQHandler
                0x0000000008005a1c      0x210 Drivers/STM32F4xx_HAL_Driver/Src/stm32f4xx_hal_tim.o
                0x0000000008005a1c                HAL_TIM_IRQHandler
 .text.HAL_TIM_IC_ConfigChannel
                0x0000000008005c2c      0x138 Drivers/STM32F4xx_HAL_Driver/Src/stm32f4xx_hal_tim.o
                0x0000000008005c2c                HAL_TIM_IC_ConfigChannel
 .text.HAL_TIM_PWM_ConfigChannel
                0x0000000008005d64      0x18c Drivers/STM32F4xx_HAL_Driver/Src/stm32f4xx_hal_tim.o
                0x0000000008005d64                HAL_TIM_PWM_ConfigChannel
 .text.HAL_TIM_ConfigClockSource
                0x0000000008005ef0      0x16e Drivers/STM32F4xx_HAL_Driver/Src/stm32f4xx_hal_tim.o
                0x0000000008005ef0                HAL_TIM_ConfigClockSource
 *fill*         0x000000000800605e        0x2 
 .text.HAL_TIM_ReadCapturedValue
                0x0000000008006060       0x88 Drivers/STM32F4xx_HAL_Driver/Src/stm32f4xx_hal_tim.o
                0x0000000008006060                HAL_TIM_ReadCapturedValue
 .text.HAL_TIM_PeriodElapsedCallback
                0x00000000080060e8       0x14 Drivers/STM32F4xx_HAL_Driver/Src/stm32f4xx_hal_tim.o
                0x00000000080060e8                HAL_TIM_PeriodElapsedCallback
 .text.HAL_TIM_OC_DelayElapsedCallback
                0x00000000080060fc       0x14 Drivers/STM32F4xx_HAL_Driver/Src/stm32f4xx_hal_tim.o
                0x00000000080060fc                HAL_TIM_OC_DelayElapsedCallback
 .text.HAL_TIM_PWM_PulseFinishedCallback
                0x0000000008006110       0x14 Drivers/STM32F4xx_HAL_Driver/Src/stm32f4xx_hal_tim.o
                0x0000000008006110                HAL_TIM_PWM_PulseFinishedCallback
 .text.HAL_TIM_TriggerCallback
                0x0000000008006124       0x14 Drivers/STM32F4xx_HAL_Driver/Src/stm32f4xx_hal_tim.o
                0x0000000008006124                HAL_TIM_TriggerCallback
 .text.TIM_Base_SetConfig
                0x0000000008006138      0x140 Drivers/STM32F4xx_HAL_Driver/Src/stm32f4xx_hal_tim.o
                0x0000000008006138                TIM_Base_SetConfig
 .text.TIM_OC1_SetConfig
                0x0000000008006278       0xe0 Drivers/STM32F4xx_HAL_Driver/Src/stm32f4xx_hal_tim.o
 .text.TIM_OC2_SetConfig
                0x0000000008006358       0xec Drivers/STM32F4xx_HAL_Driver/Src/stm32f4xx_hal_tim.o
                0x0000000008006358                TIM_OC2_SetConfig
 .text.TIM_OC3_SetConfig
                0x0000000008006444       0xe8 Drivers/STM32F4xx_HAL_Driver/Src/stm32f4xx_hal_tim.o
 .text.TIM_OC4_SetConfig
                0x000000000800652c       0xac Drivers/STM32F4xx_HAL_Driver/Src/stm32f4xx_hal_tim.o
 .text.TIM_TI1_SetConfig
                0x00000000080065d8       0xe8 Drivers/STM32F4xx_HAL_Driver/Src/stm32f4xx_hal_tim.o
                0x00000000080065d8                TIM_TI1_SetConfig
 .text.TIM_TI1_ConfigInputStage
                0x00000000080066c0       0x5e Drivers/STM32F4xx_HAL_Driver/Src/stm32f4xx_hal_tim.o
 .text.TIM_TI2_SetConfig
                0x000000000800671e       0x7a Drivers/STM32F4xx_HAL_Driver/Src/stm32f4xx_hal_tim.o
 .text.TIM_TI2_ConfigInputStage
                0x0000000008006798       0x60 Drivers/STM32F4xx_HAL_Driver/Src/stm32f4xx_hal_tim.o
 .text.TIM_TI3_SetConfig
                0x00000000080067f8       0x78 Drivers/STM32F4xx_HAL_Driver/Src/stm32f4xx_hal_tim.o
 .text.TIM_TI4_SetConfig
                0x0000000008006870       0x7a Drivers/STM32F4xx_HAL_Driver/Src/stm32f4xx_hal_tim.o
 .text.TIM_ITRx_SetConfig
                0x00000000080068ea       0x36 Drivers/STM32F4xx_HAL_Driver/Src/stm32f4xx_hal_tim.o
 .text.TIM_ETR_SetConfig
                0x0000000008006920       0x40 Drivers/STM32F4xx_HAL_Driver/Src/stm32f4xx_hal_tim.o
                0x0000000008006920                TIM_ETR_SetConfig
 .text.TIM_CCxChannelCmd
                0x0000000008006960       0x4a Drivers/STM32F4xx_HAL_Driver/Src/stm32f4xx_hal_tim.o
                0x0000000008006960                TIM_CCxChannelCmd
 *fill*         0x00000000080069aa        0x2 
 .text.HAL_TIMEx_MasterConfigSynchronization
                0x00000000080069ac       0xf8 Drivers/STM32F4xx_HAL_Driver/Src/stm32f4xx_hal_tim_ex.o
                0x00000000080069ac                HAL_TIMEx_MasterConfigSynchronization
 .text.HAL_TIMEx_CommutCallback
                0x0000000008006aa4       0x14 Drivers/STM32F4xx_HAL_Driver/Src/stm32f4xx_hal_tim_ex.o
                0x0000000008006aa4                HAL_TIMEx_CommutCallback
 .text.HAL_TIMEx_BreakCallback
                0x0000000008006ab8       0x14 Drivers/STM32F4xx_HAL_Driver/Src/stm32f4xx_hal_tim_ex.o
                0x0000000008006ab8                HAL_TIMEx_BreakCallback
 .text.__libc_init_array
                0x0000000008006acc       0x48 c:/st/stm32cubeide_1.4.0/stm32cubeide/plugins/com.st.stm32cube.ide.mcu.externaltools.gnu-tools-for-stm32.7-2018-q2-update.win32_1.4.0.202007081208/tools/bin/../lib/gcc/arm-none-eabi/7.3.1/../../../../arm-none-eabi/lib/thumb/v7e-m/fpv4-sp/hard\libc_nano.a(lib_a-init.o)
                0x0000000008006acc                __libc_init_array
 .text.memset   0x0000000008006b14       0x10 c:/st/stm32cubeide_1.4.0/stm32cubeide/plugins/com.st.stm32cube.ide.mcu.externaltools.gnu-tools-for-stm32.7-2018-q2-update.win32_1.4.0.202007081208/tools/bin/../lib/gcc/arm-none-eabi/7.3.1/../../../../arm-none-eabi/lib/thumb/v7e-m/fpv4-sp/hard\libc_nano.a(lib_a-memset.o)
                0x0000000008006b14                memset
 *(.glue_7)
 .glue_7        0x0000000008006b24        0x0 linker stubs
 *(.glue_7t)
 .glue_7t       0x0000000008006b24        0x0 linker stubs
 *(.eh_frame)
 .eh_frame      0x0000000008006b24        0x0 c:/st/stm32cubeide_1.4.0/stm32cubeide/plugins/com.st.stm32cube.ide.mcu.externaltools.gnu-tools-for-stm32.7-2018-q2-update.win32_1.4.0.202007081208/tools/bin/../lib/gcc/arm-none-eabi/7.3.1/thumb/v7e-m/fpv4-sp/hard/crtbegin.o
 *(.init)
 .init          0x0000000008006b24        0x4 c:/st/stm32cubeide_1.4.0/stm32cubeide/plugins/com.st.stm32cube.ide.mcu.externaltools.gnu-tools-for-stm32.7-2018-q2-update.win32_1.4.0.202007081208/tools/bin/../lib/gcc/arm-none-eabi/7.3.1/thumb/v7e-m/fpv4-sp/hard/crti.o
                0x0000000008006b24                _init
 .init          0x0000000008006b28        0x8 c:/st/stm32cubeide_1.4.0/stm32cubeide/plugins/com.st.stm32cube.ide.mcu.externaltools.gnu-tools-for-stm32.7-2018-q2-update.win32_1.4.0.202007081208/tools/bin/../lib/gcc/arm-none-eabi/7.3.1/thumb/v7e-m/fpv4-sp/hard/crtn.o
 *(.fini)
 .fini          0x0000000008006b30        0x4 c:/st/stm32cubeide_1.4.0/stm32cubeide/plugins/com.st.stm32cube.ide.mcu.externaltools.gnu-tools-for-stm32.7-2018-q2-update.win32_1.4.0.202007081208/tools/bin/../lib/gcc/arm-none-eabi/7.3.1/thumb/v7e-m/fpv4-sp/hard/crti.o
                0x0000000008006b30                _fini
 .fini          0x0000000008006b34        0x8 c:/st/stm32cubeide_1.4.0/stm32cubeide/plugins/com.st.stm32cube.ide.mcu.externaltools.gnu-tools-for-stm32.7-2018-q2-update.win32_1.4.0.202007081208/tools/bin/../lib/gcc/arm-none-eabi/7.3.1/thumb/v7e-m/fpv4-sp/hard/crtn.o
                0x0000000008006b3c                . = ALIGN (0x4)
                0x0000000008006b3c                _etext = .

.vfp11_veneer   0x0000000008006b3c        0x0
 .vfp11_veneer  0x0000000008006b3c        0x0 linker stubs

.v4_bx          0x0000000008006b3c        0x0
 .v4_bx         0x0000000008006b3c        0x0 linker stubs

.iplt           0x0000000008006b3c        0x0
 .iplt          0x0000000008006b3c        0x0 c:/st/stm32cubeide_1.4.0/stm32cubeide/plugins/com.st.stm32cube.ide.mcu.externaltools.gnu-tools-for-stm32.7-2018-q2-update.win32_1.4.0.202007081208/tools/bin/../lib/gcc/arm-none-eabi/7.3.1/thumb/v7e-m/fpv4-sp/hard/crtbegin.o

.rodata         0x0000000008006b3c     0x3e40
                0x0000000008006b3c                . = ALIGN (0x4)
 *(.rodata)
 .rodata        0x0000000008006b3c       0x3e Core/Src/MY_Keypad4x4.o
 *fill*         0x0000000008006b7a        0x2 
 .rodata        0x0000000008006b7c       0x84 Core/Src/main.o
 *(.rodata*)
 .rodata.Font11x18
                0x0000000008006c00      0xd5c Core/Src/fonts.o
 .rodata.ojos_1
                0x000000000800795c      0x400 Core/Src/main.o
                0x000000000800795c                ojos_1
 .rodata.ojos_2
                0x0000000008007d5c      0x400 Core/Src/main.o
                0x0000000008007d5c                ojos_2
 .rodata.ojos_3
                0x000000000800815c      0x400 Core/Src/main.o
                0x000000000800815c                ojos_3
 .rodata.ojos_4
                0x000000000800855c      0x400 Core/Src/main.o
                0x000000000800855c                ojos_4
 .rodata.ojos_5
                0x000000000800895c      0x400 Core/Src/main.o
                0x000000000800895c                ojos_5
 .rodata.ojos_6
                0x0000000008008d5c      0x400 Core/Src/main.o
                0x0000000008008d5c                ojos_6
 .rodata.ojos_7
                0x000000000800915c      0x400 Core/Src/main.o
                0x000000000800915c                ojos_7
 .rodata.ojos_8
                0x000000000800955c      0x400 Core/Src/main.o
                0x000000000800955c                ojos_8
 .rodata.ojos_9
                0x000000000800995c      0x400 Core/Src/main.o
                0x000000000800995c                ojos_9
 .rodata.ojos_10
                0x0000000008009d5c      0x400 Core/Src/main.o
                0x0000000008009d5c                ojos_10
 .rodata.ojos_11
                0x000000000800a15c      0x400 Core/Src/main.o
                0x000000000800a15c                ojos_11
 .rodata.ojos_12
                0x000000000800a55c      0x400 Core/Src/main.o
                0x000000000800a55c                ojos_12
 .rodata.AHBPrescTable
                0x000000000800a95c       0x10 Core/Src/system_stm32f4xx.o
                0x000000000800a95c                AHBPrescTable
 .rodata.APBPrescTable
                0x000000000800a96c        0x8 Core/Src/system_stm32f4xx.o
                0x000000000800a96c                APBPrescTable
 .rodata.flagBitshiftOffset.8371
                0x000000000800a974        0x8 Drivers/STM32F4xx_HAL_Driver/Src/stm32f4xx_hal_dma.o
                0x000000000800a97c                . = ALIGN (0x4)

.ARM.extab      0x000000000800a97c        0x0
                0x000000000800a97c                . = ALIGN (0x4)
 *(.ARM.extab* .gnu.linkonce.armextab.*)
                0x000000000800a97c                . = ALIGN (0x4)

.ARM            0x000000000800a97c        0x8
                0x000000000800a97c                . = ALIGN (0x4)
                0x000000000800a97c                __exidx_start = .
 *(.ARM.exidx*)
 .ARM.exidx     0x000000000800a97c        0x8 c:/st/stm32cubeide_1.4.0/stm32cubeide/plugins/com.st.stm32cube.ide.mcu.externaltools.gnu-tools-for-stm32.7-2018-q2-update.win32_1.4.0.202007081208/tools/bin/../lib/gcc/arm-none-eabi/7.3.1/thumb/v7e-m/fpv4-sp/hard\libgcc.a(_udivmoddi4.o)
                0x000000000800a984                __exidx_end = .
                0x000000000800a984                . = ALIGN (0x4)

.rel.dyn        0x000000000800a984        0x0
 .rel.iplt      0x000000000800a984        0x0 c:/st/stm32cubeide_1.4.0/stm32cubeide/plugins/com.st.stm32cube.ide.mcu.externaltools.gnu-tools-for-stm32.7-2018-q2-update.win32_1.4.0.202007081208/tools/bin/../lib/gcc/arm-none-eabi/7.3.1/thumb/v7e-m/fpv4-sp/hard/crtbegin.o

.preinit_array  0x000000000800a984        0x0
                0x000000000800a984                . = ALIGN (0x4)
                0x000000000800a984                PROVIDE (__preinit_array_start = .)
 *(.preinit_array*)
                0x000000000800a984                PROVIDE (__preinit_array_end = .)
                0x000000000800a984                . = ALIGN (0x4)

.init_array     0x000000000800a984        0x4
                0x000000000800a984                . = ALIGN (0x4)
                0x000000000800a984                PROVIDE (__init_array_start = .)
 *(SORT_BY_NAME(.init_array.*))
 *(.init_array*)
 .init_array    0x000000000800a984        0x4 c:/st/stm32cubeide_1.4.0/stm32cubeide/plugins/com.st.stm32cube.ide.mcu.externaltools.gnu-tools-for-stm32.7-2018-q2-update.win32_1.4.0.202007081208/tools/bin/../lib/gcc/arm-none-eabi/7.3.1/thumb/v7e-m/fpv4-sp/hard/crtbegin.o
                0x000000000800a988                PROVIDE (__init_array_end = .)
                0x000000000800a988                . = ALIGN (0x4)

.fini_array     0x000000000800a988        0x4
                0x000000000800a988                . = ALIGN (0x4)
                [!provide]                        PROVIDE (__fini_array_start = .)
 *(SORT_BY_NAME(.fini_array.*))
 *(.fini_array*)
 .fini_array    0x000000000800a988        0x4 c:/st/stm32cubeide_1.4.0/stm32cubeide/plugins/com.st.stm32cube.ide.mcu.externaltools.gnu-tools-for-stm32.7-2018-q2-update.win32_1.4.0.202007081208/tools/bin/../lib/gcc/arm-none-eabi/7.3.1/thumb/v7e-m/fpv4-sp/hard/crtbegin.o
                [!provide]                        PROVIDE (__fini_array_end = .)
                0x000000000800a98c                . = ALIGN (0x4)
                0x000000000800a98c                _sidata = LOADADDR (.data)

.data           0x0000000020000000       0x68 load address 0x000000000800a98c
                0x0000000020000000                . = ALIGN (0x4)
                0x0000000020000000                _sdata = .
 *(.data)
 *(.data*)
 .data.Keypad_keys
                0x0000000020000000       0x40 Core/Src/MY_Keypad4x4.o
 .data.Font_11x18
                0x0000000020000040        0x8 Core/Src/fonts.o
                0x0000000020000040                Font_11x18
 .data.contrasena
                0x0000000020000048       0x14 Core/Src/main.o
                0x0000000020000048                contrasena
 .data.SystemCoreClock
                0x000000002000005c        0x4 Core/Src/system_stm32f4xx.o
                0x000000002000005c                SystemCoreClock
 .data.uwTickPrio
                0x0000000020000060        0x4 Drivers/STM32F4xx_HAL_Driver/Src/stm32f4xx_hal.o
                0x0000000020000060                uwTickPrio
 .data.uwTickFreq
                0x0000000020000064        0x1 Drivers/STM32F4xx_HAL_Driver/Src/stm32f4xx_hal.o
                0x0000000020000064                uwTickFreq
                0x0000000020000068                . = ALIGN (0x4)
 *fill*         0x0000000020000065        0x3 
                0x0000000020000068                _edata = .

.igot.plt       0x0000000020000068        0x0 load address 0x000000000800a9f4
 .igot.plt      0x0000000020000068        0x0 c:/st/stm32cubeide_1.4.0/stm32cubeide/plugins/com.st.stm32cube.ide.mcu.externaltools.gnu-tools-for-stm32.7-2018-q2-update.win32_1.4.0.202007081208/tools/bin/../lib/gcc/arm-none-eabi/7.3.1/thumb/v7e-m/fpv4-sp/hard/crtbegin.o
                0x0000000020000068                . = ALIGN (0x4)

.bss            0x0000000020000068      0x678 load address 0x000000000800a9f4
                0x0000000020000068                _sbss = .
                0x0000000020000068                __bss_start__ = _sbss
 *(.bss)
 .bss           0x0000000020000068       0x1c c:/st/stm32cubeide_1.4.0/stm32cubeide/plugins/com.st.stm32cube.ide.mcu.externaltools.gnu-tools-for-stm32.7-2018-q2-update.win32_1.4.0.202007081208/tools/bin/../lib/gcc/arm-none-eabi/7.3.1/thumb/v7e-m/fpv4-sp/hard/crtbegin.o
 *(.bss*)
 .bss.KeypadStruct
                0x0000000020000084       0x30 Core/Src/MY_Keypad4x4.o
 .bss.OutPositions
                0x00000000200000b4        0x4 Core/Src/MY_Keypad4x4.o
 .bss.puerta    0x00000000200000b8        0x1 Core/Src/main.o
                0x00000000200000b8                puerta
 .bss.icFlag    0x00000000200000b9        0x1 Core/Src/main.o
                0x00000000200000b9                icFlag
 .bss.captureIdx
                0x00000000200000ba        0x1 Core/Src/main.o
                0x00000000200000ba                captureIdx
 *fill*         0x00000000200000bb        0x1 
 .bss.edge1Time
                0x00000000200000bc        0x4 Core/Src/main.o
                0x00000000200000bc                edge1Time
 .bss.edge2Time
                0x00000000200000c0        0x4 Core/Src/main.o
                0x00000000200000c0                edge2Time
 .bss.contrasena_bit
                0x00000000200000c4        0x1 Core/Src/main.o
                0x00000000200000c4                contrasena_bit
 .bss.boton     0x00000000200000c5        0x1 Core/Src/main.o
                0x00000000200000c5                boton
 *fill*         0x00000000200000c6        0x2 
 .bss.i         0x00000000200000c8        0x4 Core/Src/main.o
                0x00000000200000c8                i
 .bss.SSD1306_Buffer
                0x00000000200000cc      0x400 Core/Src/ssd1306.o
 .bss.SSD1306   0x00000000200004cc        0x6 Core/Src/ssd1306.o
 *(COMMON)
 *fill*         0x00000000200004d2        0x2 
 COMMON         0x00000000200004d4      0x208 Core/Src/main.o
                0x00000000200004d4                ADC_value_ir
                0x00000000200004d8                keypadStruct
                0x0000000020000508                htim4
                0x0000000020000548                hi2c1
                0x000000002000059c                botones_pad
                0x00000000200005ac                htim3
                0x00000000200005ec                hadc1
                0x0000000020000634                hdma_adc1
                0x0000000020000694                htim1
                0x00000000200006d4                check1
                0x00000000200006d8                distancia
 COMMON         0x00000000200006dc        0x4 Drivers/STM32F4xx_HAL_Driver/Src/stm32f4xx_hal.o
                0x00000000200006dc                uwTick
                0x00000000200006e0                . = ALIGN (0x4)
                0x00000000200006e0                _ebss = .
                0x00000000200006e0                __bss_end__ = _ebss

._user_heap_stack
                0x00000000200006e0      0x600 load address 0x000000000800a9f4
                0x00000000200006e0                . = ALIGN (0x8)
                [!provide]                        PROVIDE (end = .)
                0x00000000200006e0                PROVIDE (_end = .)
                0x00000000200008e0                . = (. + _Min_Heap_Size)
 *fill*         0x00000000200006e0      0x200 
                0x0000000020000ce0                . = (. + _Min_Stack_Size)
 *fill*         0x00000000200008e0      0x400 
                0x0000000020000ce0                . = ALIGN (0x8)

/DISCARD/
 libc.a(*)
 libm.a(*)
 libgcc.a(*)

.ARM.attributes
                0x0000000000000000       0x30
 *(.ARM.attributes)
 .ARM.attributes
                0x0000000000000000       0x22 c:/st/stm32cubeide_1.4.0/stm32cubeide/plugins/com.st.stm32cube.ide.mcu.externaltools.gnu-tools-for-stm32.7-2018-q2-update.win32_1.4.0.202007081208/tools/bin/../lib/gcc/arm-none-eabi/7.3.1/thumb/v7e-m/fpv4-sp/hard/crti.o
 .ARM.attributes
                0x0000000000000022       0x34 c:/st/stm32cubeide_1.4.0/stm32cubeide/plugins/com.st.stm32cube.ide.mcu.externaltools.gnu-tools-for-stm32.7-2018-q2-update.win32_1.4.0.202007081208/tools/bin/../lib/gcc/arm-none-eabi/7.3.1/thumb/v7e-m/fpv4-sp/hard/crtbegin.o
 .ARM.attributes
                0x0000000000000056       0x39 Core/Src/MY_Keypad4x4.o
 .ARM.attributes
                0x000000000000008f       0x39 Core/Src/fonts.o
 .ARM.attributes
                0x00000000000000c8       0x39 Core/Src/main.o
 .ARM.attributes
                0x0000000000000101       0x39 Core/Src/ssd1306.o
 .ARM.attributes
                0x000000000000013a       0x39 Core/Src/stm32f4xx_hal_msp.o
 .ARM.attributes
                0x0000000000000173       0x39 Core/Src/stm32f4xx_it.o
 .ARM.attributes
                0x00000000000001ac       0x39 Core/Src/system_stm32f4xx.o
 .ARM.attributes
                0x00000000000001e5       0x21 Core/Startup/startup_stm32f407vgtx.o
 .ARM.attributes
                0x0000000000000206       0x39 Drivers/STM32F4xx_HAL_Driver/Src/stm32f4xx_hal.o
 .ARM.attributes
                0x000000000000023f       0x39 Drivers/STM32F4xx_HAL_Driver/Src/stm32f4xx_hal_adc.o
 .ARM.attributes
                0x0000000000000278       0x39 Drivers/STM32F4xx_HAL_Driver/Src/stm32f4xx_hal_adc_ex.o
 .ARM.attributes
                0x00000000000002b1       0x39 Drivers/STM32F4xx_HAL_Driver/Src/stm32f4xx_hal_cortex.o
 .ARM.attributes
                0x00000000000002ea       0x39 Drivers/STM32F4xx_HAL_Driver/Src/stm32f4xx_hal_dma.o
 .ARM.attributes
                0x0000000000000323       0x39 Drivers/STM32F4xx_HAL_Driver/Src/stm32f4xx_hal_gpio.o
 .ARM.attributes
                0x000000000000035c       0x39 Drivers/STM32F4xx_HAL_Driver/Src/stm32f4xx_hal_i2c.o
 .ARM.attributes
                0x0000000000000395       0x39 Drivers/STM32F4xx_HAL_Driver/Src/stm32f4xx_hal_rcc.o
 .ARM.attributes
                0x00000000000003ce       0x39 Drivers/STM32F4xx_HAL_Driver/Src/stm32f4xx_hal_tim.o
 .ARM.attributes
                0x0000000000000407       0x39 Drivers/STM32F4xx_HAL_Driver/Src/stm32f4xx_hal_tim_ex.o
 .ARM.attributes
                0x0000000000000440       0x34 c:/st/stm32cubeide_1.4.0/stm32cubeide/plugins/com.st.stm32cube.ide.mcu.externaltools.gnu-tools-for-stm32.7-2018-q2-update.win32_1.4.0.202007081208/tools/bin/../lib/gcc/arm-none-eabi/7.3.1/../../../../arm-none-eabi/lib/thumb/v7e-m/fpv4-sp/hard\libc_nano.a(lib_a-init.o)
 .ARM.attributes
                0x0000000000000474       0x34 c:/st/stm32cubeide_1.4.0/stm32cubeide/plugins/com.st.stm32cube.ide.mcu.externaltools.gnu-tools-for-stm32.7-2018-q2-update.win32_1.4.0.202007081208/tools/bin/../lib/gcc/arm-none-eabi/7.3.1/../../../../arm-none-eabi/lib/thumb/v7e-m/fpv4-sp/hard\libc_nano.a(lib_a-memset.o)
 .ARM.attributes
                0x00000000000004a8       0x20 c:/st/stm32cubeide_1.4.0/stm32cubeide/plugins/com.st.stm32cube.ide.mcu.externaltools.gnu-tools-for-stm32.7-2018-q2-update.win32_1.4.0.202007081208/tools/bin/../lib/gcc/arm-none-eabi/7.3.1/../../../../arm-none-eabi/lib/thumb/v7e-m/fpv4-sp/hard\libc_nano.a(lib_a-strcmp.o)
 .ARM.attributes
                0x00000000000004c8       0x22 c:/st/stm32cubeide_1.4.0/stm32cubeide/plugins/com.st.stm32cube.ide.mcu.externaltools.gnu-tools-for-stm32.7-2018-q2-update.win32_1.4.0.202007081208/tools/bin/../lib/gcc/arm-none-eabi/7.3.1/thumb/v7e-m/fpv4-sp/hard\libgcc.a(_arm_addsubdf3.o)
 .ARM.attributes
                0x00000000000004ea       0x22 c:/st/stm32cubeide_1.4.0/stm32cubeide/plugins/com.st.stm32cube.ide.mcu.externaltools.gnu-tools-for-stm32.7-2018-q2-update.win32_1.4.0.202007081208/tools/bin/../lib/gcc/arm-none-eabi/7.3.1/thumb/v7e-m/fpv4-sp/hard\libgcc.a(_arm_muldivdf3.o)
 .ARM.attributes
                0x000000000000050c       0x22 c:/st/stm32cubeide_1.4.0/stm32cubeide/plugins/com.st.stm32cube.ide.mcu.externaltools.gnu-tools-for-stm32.7-2018-q2-update.win32_1.4.0.202007081208/tools/bin/../lib/gcc/arm-none-eabi/7.3.1/thumb/v7e-m/fpv4-sp/hard\libgcc.a(_arm_truncdfsf2.o)
 .ARM.attributes
                0x000000000000052e       0x22 c:/st/stm32cubeide_1.4.0/stm32cubeide/plugins/com.st.stm32cube.ide.mcu.externaltools.gnu-tools-for-stm32.7-2018-q2-update.win32_1.4.0.202007081208/tools/bin/../lib/gcc/arm-none-eabi/7.3.1/thumb/v7e-m/fpv4-sp/hard\libgcc.a(_aeabi_uldivmod.o)
 .ARM.attributes
                0x0000000000000550       0x34 c:/st/stm32cubeide_1.4.0/stm32cubeide/plugins/com.st.stm32cube.ide.mcu.externaltools.gnu-tools-for-stm32.7-2018-q2-update.win32_1.4.0.202007081208/tools/bin/../lib/gcc/arm-none-eabi/7.3.1/thumb/v7e-m/fpv4-sp/hard\libgcc.a(_udivmoddi4.o)
 .ARM.attributes
                0x0000000000000584       0x22 c:/st/stm32cubeide_1.4.0/stm32cubeide/plugins/com.st.stm32cube.ide.mcu.externaltools.gnu-tools-for-stm32.7-2018-q2-update.win32_1.4.0.202007081208/tools/bin/../lib/gcc/arm-none-eabi/7.3.1/thumb/v7e-m/fpv4-sp/hard\libgcc.a(_dvmd_tls.o)
 .ARM.attributes
                0x00000000000005a6       0x22 c:/st/stm32cubeide_1.4.0/stm32cubeide/plugins/com.st.stm32cube.ide.mcu.externaltools.gnu-tools-for-stm32.7-2018-q2-update.win32_1.4.0.202007081208/tools/bin/../lib/gcc/arm-none-eabi/7.3.1/thumb/v7e-m/fpv4-sp/hard/crtn.o
OUTPUT(Seguridad.elf elf32-littlearm)

.debug_info     0x0000000000000000     0xf74a
 .debug_info    0x0000000000000000      0x446 Core/Src/MY_Keypad4x4.o
 .debug_info    0x0000000000000446      0x19c Core/Src/fonts.o
 .debug_info    0x00000000000005e2     0x21d2 Core/Src/main.o
 .debug_info    0x00000000000027b4      0xa1a Core/Src/ssd1306.o
 .debug_info    0x00000000000031ce     0x127b Core/Src/stm32f4xx_hal_msp.o
 .debug_info    0x0000000000004449      0x983 Core/Src/stm32f4xx_it.o
 .debug_info    0x0000000000004dcc      0x554 Core/Src/system_stm32f4xx.o
 .debug_info    0x0000000000005320       0x22 Core/Startup/startup_stm32f407vgtx.o
 .debug_info    0x0000000000005342      0x945 Drivers/STM32F4xx_HAL_Driver/Src/stm32f4xx_hal.o
 .debug_info    0x0000000000005c87      0xcee Drivers/STM32F4xx_HAL_Driver/Src/stm32f4xx_hal_adc.o
 .debug_info    0x0000000000006975      0xb66 Drivers/STM32F4xx_HAL_Driver/Src/stm32f4xx_hal_adc_ex.o
 .debug_info    0x00000000000074db      0xe28 Drivers/STM32F4xx_HAL_Driver/Src/stm32f4xx_hal_cortex.o
 .debug_info    0x0000000000008303      0x968 Drivers/STM32F4xx_HAL_Driver/Src/stm32f4xx_hal_dma.o
 .debug_info    0x0000000000008c6b      0x7b5 Drivers/STM32F4xx_HAL_Driver/Src/stm32f4xx_hal_gpio.o
 .debug_info    0x0000000000009420     0x2426 Drivers/STM32F4xx_HAL_Driver/Src/stm32f4xx_hal_i2c.o
 .debug_info    0x000000000000b846      0x904 Drivers/STM32F4xx_HAL_Driver/Src/stm32f4xx_hal_rcc.o
 .debug_info    0x000000000000c14a     0x24a9 Drivers/STM32F4xx_HAL_Driver/Src/stm32f4xx_hal_tim.o
 .debug_info    0x000000000000e5f3     0x1157 Drivers/STM32F4xx_HAL_Driver/Src/stm32f4xx_hal_tim_ex.o

.debug_abbrev   0x0000000000000000     0x20d4
 .debug_abbrev  0x0000000000000000      0x170 Core/Src/MY_Keypad4x4.o
 .debug_abbrev  0x0000000000000170       0xa1 Core/Src/fonts.o
 .debug_abbrev  0x0000000000000211      0x2b5 Core/Src/main.o
 .debug_abbrev  0x00000000000004c6      0x1cf Core/Src/ssd1306.o
 .debug_abbrev  0x0000000000000695      0x1de Core/Src/stm32f4xx_hal_msp.o
 .debug_abbrev  0x0000000000000873      0x169 Core/Src/stm32f4xx_it.o
 .debug_abbrev  0x00000000000009dc      0x12b Core/Src/system_stm32f4xx.o
 .debug_abbrev  0x0000000000000b07       0x12 Core/Startup/startup_stm32f407vgtx.o
 .debug_abbrev  0x0000000000000b19      0x1c7 Drivers/STM32F4xx_HAL_Driver/Src/stm32f4xx_hal.o
 .debug_abbrev  0x0000000000000ce0      0x205 Drivers/STM32F4xx_HAL_Driver/Src/stm32f4xx_hal_adc.o
 .debug_abbrev  0x0000000000000ee5      0x21c Drivers/STM32F4xx_HAL_Driver/Src/stm32f4xx_hal_adc_ex.o
 .debug_abbrev  0x0000000000001101      0x2fa Drivers/STM32F4xx_HAL_Driver/Src/stm32f4xx_hal_cortex.o
 .debug_abbrev  0x00000000000013fb      0x229 Drivers/STM32F4xx_HAL_Driver/Src/stm32f4xx_hal_dma.o
 .debug_abbrev  0x0000000000001624      0x1c9 Drivers/STM32F4xx_HAL_Driver/Src/stm32f4xx_hal_gpio.o
 .debug_abbrev  0x00000000000017ed      0x254 Drivers/STM32F4xx_HAL_Driver/Src/stm32f4xx_hal_i2c.o
 .debug_abbrev  0x0000000000001a41      0x245 Drivers/STM32F4xx_HAL_Driver/Src/stm32f4xx_hal_rcc.o
 .debug_abbrev  0x0000000000001c86      0x230 Drivers/STM32F4xx_HAL_Driver/Src/stm32f4xx_hal_tim.o
 .debug_abbrev  0x0000000000001eb6      0x21e Drivers/STM32F4xx_HAL_Driver/Src/stm32f4xx_hal_tim_ex.o

.debug_aranges  0x0000000000000000      0xef8
 .debug_aranges
                0x0000000000000000       0x40 Core/Src/MY_Keypad4x4.o
 .debug_aranges
                0x0000000000000040       0x18 Core/Src/fonts.o
 .debug_aranges
                0x0000000000000058       0x90 Core/Src/main.o
 .debug_aranges
                0x00000000000000e8       0x60 Core/Src/ssd1306.o
 .debug_aranges
                0x0000000000000148       0x58 Core/Src/stm32f4xx_hal_msp.o
 .debug_aranges
                0x00000000000001a0       0x80 Core/Src/stm32f4xx_it.o
 .debug_aranges
                0x0000000000000220       0x28 Core/Src/system_stm32f4xx.o
 .debug_aranges
                0x0000000000000248       0x28 Core/Startup/startup_stm32f407vgtx.o
 .debug_aranges
                0x0000000000000270       0xf0 Drivers/STM32F4xx_HAL_Driver/Src/stm32f4xx_hal.o
 .debug_aranges
                0x0000000000000360       0xe8 Drivers/STM32F4xx_HAL_Driver/Src/stm32f4xx_hal_adc.o
 .debug_aranges
                0x0000000000000448       0x90 Drivers/STM32F4xx_HAL_Driver/Src/stm32f4xx_hal_adc_ex.o
 .debug_aranges
                0x00000000000004d8      0x118 Drivers/STM32F4xx_HAL_Driver/Src/stm32f4xx_hal_cortex.o
 .debug_aranges
                0x00000000000005f0       0x90 Drivers/STM32F4xx_HAL_Driver/Src/stm32f4xx_hal_dma.o
 .debug_aranges
                0x0000000000000680       0x58 Drivers/STM32F4xx_HAL_Driver/Src/stm32f4xx_hal_gpio.o
 .debug_aranges
                0x00000000000006d8      0x2a0 Drivers/STM32F4xx_HAL_Driver/Src/stm32f4xx_hal_i2c.o
 .debug_aranges
                0x0000000000000978       0x88 Drivers/STM32F4xx_HAL_Driver/Src/stm32f4xx_hal_rcc.o
 .debug_aranges
                0x0000000000000a00      0x3a8 Drivers/STM32F4xx_HAL_Driver/Src/stm32f4xx_hal_tim.o
 .debug_aranges
                0x0000000000000da8      0x150 Drivers/STM32F4xx_HAL_Driver/Src/stm32f4xx_hal_tim_ex.o

.debug_ranges   0x0000000000000000      0xe00
 .debug_ranges  0x0000000000000000       0x30 Core/Src/MY_Keypad4x4.o
 .debug_ranges  0x0000000000000030       0x80 Core/Src/main.o
 .debug_ranges  0x00000000000000b0       0x50 Core/Src/ssd1306.o
 .debug_ranges  0x0000000000000100       0x48 Core/Src/stm32f4xx_hal_msp.o
 .debug_ranges  0x0000000000000148       0x70 Core/Src/stm32f4xx_it.o
 .debug_ranges  0x00000000000001b8       0x18 Core/Src/system_stm32f4xx.o
 .debug_ranges  0x00000000000001d0       0x20 Core/Startup/startup_stm32f407vgtx.o
 .debug_ranges  0x00000000000001f0       0xe0 Drivers/STM32F4xx_HAL_Driver/Src/stm32f4xx_hal.o
 .debug_ranges  0x00000000000002d0       0xd8 Drivers/STM32F4xx_HAL_Driver/Src/stm32f4xx_hal_adc.o
 .debug_ranges  0x00000000000003a8       0x80 Drivers/STM32F4xx_HAL_Driver/Src/stm32f4xx_hal_adc_ex.o
 .debug_ranges  0x0000000000000428      0x108 Drivers/STM32F4xx_HAL_Driver/Src/stm32f4xx_hal_cortex.o
 .debug_ranges  0x0000000000000530       0x80 Drivers/STM32F4xx_HAL_Driver/Src/stm32f4xx_hal_dma.o
 .debug_ranges  0x00000000000005b0       0x48 Drivers/STM32F4xx_HAL_Driver/Src/stm32f4xx_hal_gpio.o
 .debug_ranges  0x00000000000005f8      0x2b8 Drivers/STM32F4xx_HAL_Driver/Src/stm32f4xx_hal_i2c.o
 .debug_ranges  0x00000000000008b0       0x78 Drivers/STM32F4xx_HAL_Driver/Src/stm32f4xx_hal_rcc.o
 .debug_ranges  0x0000000000000928      0x398 Drivers/STM32F4xx_HAL_Driver/Src/stm32f4xx_hal_tim.o
 .debug_ranges  0x0000000000000cc0      0x140 Drivers/STM32F4xx_HAL_Driver/Src/stm32f4xx_hal_tim_ex.o

.debug_macro    0x0000000000000000    0x218a2
 .debug_macro   0x0000000000000000      0x204 Core/Src/MY_Keypad4x4.o
 .debug_macro   0x0000000000000204      0xa5a Core/Src/MY_Keypad4x4.o
 .debug_macro   0x0000000000000c5e      0x29a Core/Src/MY_Keypad4x4.o
 .debug_macro   0x0000000000000ef8       0x2e Core/Src/MY_Keypad4x4.o
 .debug_macro   0x0000000000000f26       0x2f Core/Src/MY_Keypad4x4.o
 .debug_macro   0x0000000000000f55       0x22 Core/Src/MY_Keypad4x4.o
 .debug_macro   0x0000000000000f77       0x8e Core/Src/MY_Keypad4x4.o
 .debug_macro   0x0000000000001005       0x51 Core/Src/MY_Keypad4x4.o
 .debug_macro   0x0000000000001056       0xef Core/Src/MY_Keypad4x4.o
 .debug_macro   0x0000000000001145       0x6a Core/Src/MY_Keypad4x4.o
 .debug_macro   0x00000000000011af      0x1df Core/Src/MY_Keypad4x4.o
 .debug_macro   0x000000000000138e       0x1c Core/Src/MY_Keypad4x4.o
 .debug_macro   0x00000000000013aa       0x22 Core/Src/MY_Keypad4x4.o
 .debug_macro   0x00000000000013cc       0xdf Core/Src/MY_Keypad4x4.o
 .debug_macro   0x00000000000014ab     0x102d Core/Src/MY_Keypad4x4.o
 .debug_macro   0x00000000000024d8      0x11f Core/Src/MY_Keypad4x4.o
 .debug_macro   0x00000000000025f7    0x15e3c Core/Src/MY_Keypad4x4.o
 .debug_macro   0x0000000000018433       0x43 Core/Src/MY_Keypad4x4.o
 .debug_macro   0x0000000000018476     0x3659 Core/Src/MY_Keypad4x4.o
 .debug_macro   0x000000000001bacf      0x174 Core/Src/MY_Keypad4x4.o
 .debug_macro   0x000000000001bc43       0x5a Core/Src/MY_Keypad4x4.o
 .debug_macro   0x000000000001bc9d      0x96b Core/Src/MY_Keypad4x4.o
 .debug_macro   0x000000000001c608      0x9fe Core/Src/MY_Keypad4x4.o
 .debug_macro   0x000000000001d006      0x117 Core/Src/MY_Keypad4x4.o
 .debug_macro   0x000000000001d11d      0x13e Core/Src/MY_Keypad4x4.o
 .debug_macro   0x000000000001d25b       0x27 Core/Src/MY_Keypad4x4.o
 .debug_macro   0x000000000001d282      0x174 Core/Src/MY_Keypad4x4.o
 .debug_macro   0x000000000001d3f6      0x287 Core/Src/MY_Keypad4x4.o
 .debug_macro   0x000000000001d67d       0x5f Core/Src/MY_Keypad4x4.o
 .debug_macro   0x000000000001d6dc      0x236 Core/Src/MY_Keypad4x4.o
 .debug_macro   0x000000000001d912      0x391 Core/Src/MY_Keypad4x4.o
 .debug_macro   0x000000000001dca3      0x176 Core/Src/MY_Keypad4x4.o
 .debug_macro   0x000000000001de19       0xf9 Core/Src/MY_Keypad4x4.o
 .debug_macro   0x000000000001df12      0x12c Core/Src/MY_Keypad4x4.o
 .debug_macro   0x000000000001e03e      0x21e Core/Src/MY_Keypad4x4.o
 .debug_macro   0x000000000001e25c       0x2e Core/Src/MY_Keypad4x4.o
 .debug_macro   0x000000000001e28a      0x1b5 Core/Src/MY_Keypad4x4.o
 .debug_macro   0x000000000001e43f       0xd6 Core/Src/MY_Keypad4x4.o
 .debug_macro   0x000000000001e515      0x11a Core/Src/MY_Keypad4x4.o
 .debug_macro   0x000000000001e62f       0x7e Core/Src/MY_Keypad4x4.o
 .debug_macro   0x000000000001e6ad       0x89 Core/Src/MY_Keypad4x4.o
 .debug_macro   0x000000000001e736      0x8a0 Core/Src/MY_Keypad4x4.o
 .debug_macro   0x000000000001efd6       0x47 Core/Src/MY_Keypad4x4.o
 .debug_macro   0x000000000001f01d      0x12d Core/Src/MY_Keypad4x4.o
 .debug_macro   0x000000000001f14a       0x22 Core/Src/MY_Keypad4x4.o
 .debug_macro   0x000000000001f16c       0x6d Core/Src/fonts.o
 .debug_macro   0x000000000001f1d9      0x2fd Core/Src/main.o
 .debug_macro   0x000000000001f4d6       0x10 Core/Src/main.o
 .debug_macro   0x000000000001f4e6       0x16 Core/Src/main.o
 .debug_macro   0x000000000001f4fc       0x46 Core/Src/main.o
 .debug_macro   0x000000000001f542       0x18 Core/Src/main.o
 .debug_macro   0x000000000001f55a       0x3c Core/Src/main.o
 .debug_macro   0x000000000001f596       0x34 Core/Src/main.o
 .debug_macro   0x000000000001f5ca       0x52 Core/Src/main.o
 .debug_macro   0x000000000001f61c       0x1f Core/Src/main.o
 .debug_macro   0x000000000001f63b       0x43 Core/Src/main.o
 .debug_macro   0x000000000001f67e       0x20 Core/Src/main.o
 .debug_macro   0x000000000001f69e      0x1a3 Core/Src/main.o
 .debug_macro   0x000000000001f841      0x32a Core/Src/main.o
 .debug_macro   0x000000000001fb6b       0x10 Core/Src/main.o
 .debug_macro   0x000000000001fb7b       0x35 Core/Src/main.o
 .debug_macro   0x000000000001fbb0       0x20 Core/Src/main.o
 .debug_macro   0x000000000001fbd0      0x210 Core/Src/ssd1306.o
 .debug_macro   0x000000000001fde0      0x206 Core/Src/stm32f4xx_hal_msp.o
 .debug_macro   0x000000000001ffe6      0x210 Core/Src/stm32f4xx_it.o
 .debug_macro   0x00000000000201f6      0x1fd Core/Src/system_stm32f4xx.o
 .debug_macro   0x00000000000203f3      0x257 Drivers/STM32F4xx_HAL_Driver/Src/stm32f4xx_hal.o
 .debug_macro   0x000000000002064a      0x1f8 Drivers/STM32F4xx_HAL_Driver/Src/stm32f4xx_hal_adc.o
 .debug_macro   0x0000000000020842      0x1f7 Drivers/STM32F4xx_HAL_Driver/Src/stm32f4xx_hal_adc_ex.o
 .debug_macro   0x0000000000020a39      0x1f7 Drivers/STM32F4xx_HAL_Driver/Src/stm32f4xx_hal_cortex.o
 .debug_macro   0x0000000000020c30      0x1fd Drivers/STM32F4xx_HAL_Driver/Src/stm32f4xx_hal_dma.o
 .debug_macro   0x0000000000020e2d      0x22d Drivers/STM32F4xx_HAL_Driver/Src/stm32f4xx_hal_gpio.o
 .debug_macro   0x000000000002105a      0x23e Drivers/STM32F4xx_HAL_Driver/Src/stm32f4xx_hal_i2c.o
 .debug_macro   0x0000000000021298      0x21b Drivers/STM32F4xx_HAL_Driver/Src/stm32f4xx_hal_rcc.o
 .debug_macro   0x00000000000214b3      0x1f8 Drivers/STM32F4xx_HAL_Driver/Src/stm32f4xx_hal_tim.o
 .debug_macro   0x00000000000216ab      0x1f7 Drivers/STM32F4xx_HAL_Driver/Src/stm32f4xx_hal_tim_ex.o

.debug_line     0x0000000000000000     0xbe1c
 .debug_line    0x0000000000000000      0x7c6 Core/Src/MY_Keypad4x4.o
 .debug_line    0x00000000000007c6      0x38a Core/Src/fonts.o
 .debug_line    0x0000000000000b50      0xb63 Core/Src/main.o
 .debug_line    0x00000000000016b3      0x878 Core/Src/ssd1306.o
 .debug_line    0x0000000000001f2b      0x7e1 Core/Src/stm32f4xx_hal_msp.o
 .debug_line    0x000000000000270c      0x7f7 Core/Src/stm32f4xx_it.o
 .debug_line    0x0000000000002f03      0x726 Core/Src/system_stm32f4xx.o
 .debug_line    0x0000000000003629       0x85 Core/Startup/startup_stm32f407vgtx.o
 .debug_line    0x00000000000036ae      0x910 Drivers/STM32F4xx_HAL_Driver/Src/stm32f4xx_hal.o
 .debug_line    0x0000000000003fbe      0xb75 Drivers/STM32F4xx_HAL_Driver/Src/stm32f4xx_hal_adc.o
 .debug_line    0x0000000000004b33      0xa13 Drivers/STM32F4xx_HAL_Driver/Src/stm32f4xx_hal_adc_ex.o
 .debug_line    0x0000000000005546      0xa34 Drivers/STM32F4xx_HAL_Driver/Src/stm32f4xx_hal_cortex.o
 .debug_line    0x0000000000005f7a      0x9de Drivers/STM32F4xx_HAL_Driver/Src/stm32f4xx_hal_dma.o
 .debug_line    0x0000000000006958      0x8ef Drivers/STM32F4xx_HAL_Driver/Src/stm32f4xx_hal_gpio.o
 .debug_line    0x0000000000007247     0x1bbe Drivers/STM32F4xx_HAL_Driver/Src/stm32f4xx_hal_i2c.o
 .debug_line    0x0000000000008e05      0x968 Drivers/STM32F4xx_HAL_Driver/Src/stm32f4xx_hal_rcc.o
 .debug_line    0x000000000000976d     0x1989 Drivers/STM32F4xx_HAL_Driver/Src/stm32f4xx_hal_tim.o
 .debug_line    0x000000000000b0f6      0xd26 Drivers/STM32F4xx_HAL_Driver/Src/stm32f4xx_hal_tim_ex.o

.debug_str      0x0000000000000000    0xcdc26
 .debug_str     0x0000000000000000    0xc6467 Core/Src/MY_Keypad4x4.o
                                      0xc66fc (size before relaxing)
 .debug_str     0x00000000000c6467       0x78 Core/Src/fonts.o
                                       0x3c68 (size before relaxing)
 .debug_str     0x00000000000c64df     0x417c Core/Src/main.o
                                      0xca9ac (size before relaxing)
 .debug_str     0x00000000000ca65b      0x151 Core/Src/ssd1306.o
                                      0xc6ba9 (size before relaxing)
 .debug_str     0x00000000000ca7ac       0xbf Core/Src/stm32f4xx_hal_msp.o
                                      0xc7496 (size before relaxing)
 .debug_str     0x00000000000ca86b       0xf6 Core/Src/stm32f4xx_it.o
                                      0xc6be0 (size before relaxing)
 .debug_str     0x00000000000ca961       0xc4 Core/Src/system_stm32f4xx.o
                                      0xc6698 (size before relaxing)
 .debug_str     0x00000000000caa25       0x36 Core/Startup/startup_stm32f407vgtx.o
                                         0x59 (size before relaxing)
 .debug_str     0x00000000000caa5b      0x58d Drivers/STM32F4xx_HAL_Driver/Src/stm32f4xx_hal.o
                                      0xc7165 (size before relaxing)
 .debug_str     0x00000000000cafe8      0x29d Drivers/STM32F4xx_HAL_Driver/Src/stm32f4xx_hal_adc.o
                                      0xc6c2f (size before relaxing)
 .debug_str     0x00000000000cb285      0x302 Drivers/STM32F4xx_HAL_Driver/Src/stm32f4xx_hal_adc_ex.o
                                      0xc6c69 (size before relaxing)
 .debug_str     0x00000000000cb587      0x392 Drivers/STM32F4xx_HAL_Driver/Src/stm32f4xx_hal_cortex.o
                                      0xc6f54 (size before relaxing)
 .debug_str     0x00000000000cb919      0x31d Drivers/STM32F4xx_HAL_Driver/Src/stm32f4xx_hal_dma.o
                                      0xc6aad (size before relaxing)
 .debug_str     0x00000000000cbc36      0x1ec Drivers/STM32F4xx_HAL_Driver/Src/stm32f4xx_hal_gpio.o
                                      0xc68d7 (size before relaxing)
 .debug_str     0x00000000000cbe22      0xaa9 Drivers/STM32F4xx_HAL_Driver/Src/stm32f4xx_hal_i2c.o
                                      0xc7605 (size before relaxing)
 .debug_str     0x00000000000cc8cb      0x24e Drivers/STM32F4xx_HAL_Driver/Src/stm32f4xx_hal_rcc.o
                                      0xc6a85 (size before relaxing)
 .debug_str     0x00000000000ccb19      0xc6b Drivers/STM32F4xx_HAL_Driver/Src/stm32f4xx_hal_tim.o
                                      0xc77a4 (size before relaxing)
 .debug_str     0x00000000000cd784      0x4a2 Drivers/STM32F4xx_HAL_Driver/Src/stm32f4xx_hal_tim_ex.o
                                      0xc6fa4 (size before relaxing)

.comment        0x0000000000000000       0x7b
 .comment       0x0000000000000000       0x7b Core/Src/MY_Keypad4x4.o
                                         0x7c (size before relaxing)
 .comment       0x000000000000007b       0x7c Core/Src/fonts.o
 .comment       0x000000000000007b       0x7c Core/Src/main.o
 .comment       0x000000000000007b       0x7c Core/Src/ssd1306.o
 .comment       0x000000000000007b       0x7c Core/Src/stm32f4xx_hal_msp.o
 .comment       0x000000000000007b       0x7c Core/Src/stm32f4xx_it.o
 .comment       0x000000000000007b       0x7c Core/Src/system_stm32f4xx.o
 .comment       0x000000000000007b       0x7c Drivers/STM32F4xx_HAL_Driver/Src/stm32f4xx_hal.o
 .comment       0x000000000000007b       0x7c Drivers/STM32F4xx_HAL_Driver/Src/stm32f4xx_hal_adc.o
 .comment       0x000000000000007b       0x7c Drivers/STM32F4xx_HAL_Driver/Src/stm32f4xx_hal_adc_ex.o
 .comment       0x000000000000007b       0x7c Drivers/STM32F4xx_HAL_Driver/Src/stm32f4xx_hal_cortex.o
 .comment       0x000000000000007b       0x7c Drivers/STM32F4xx_HAL_Driver/Src/stm32f4xx_hal_dma.o
 .comment       0x000000000000007b       0x7c Drivers/STM32F4xx_HAL_Driver/Src/stm32f4xx_hal_gpio.o
 .comment       0x000000000000007b       0x7c Drivers/STM32F4xx_HAL_Driver/Src/stm32f4xx_hal_i2c.o
 .comment       0x000000000000007b       0x7c Drivers/STM32F4xx_HAL_Driver/Src/stm32f4xx_hal_rcc.o
 .comment       0x000000000000007b       0x7c Drivers/STM32F4xx_HAL_Driver/Src/stm32f4xx_hal_tim.o
 .comment       0x000000000000007b       0x7c Drivers/STM32F4xx_HAL_Driver/Src/stm32f4xx_hal_tim_ex.o

.debug_frame    0x0000000000000000     0x4050
 .debug_frame   0x0000000000000000       0xd8 Core/Src/MY_Keypad4x4.o
 .debug_frame   0x00000000000000d8      0x22c Core/Src/main.o
 .debug_frame   0x0000000000000304      0x168 Core/Src/ssd1306.o
 .debug_frame   0x000000000000046c      0x134 Core/Src/stm32f4xx_hal_msp.o
 .debug_frame   0x00000000000005a0      0x17c Core/Src/stm32f4xx_it.o
 .debug_frame   0x000000000000071c       0x58 Core/Src/system_stm32f4xx.o
 .debug_frame   0x0000000000000774      0x374 Drivers/STM32F4xx_HAL_Driver/Src/stm32f4xx_hal.o
 .debug_frame   0x0000000000000ae8      0x3fc Drivers/STM32F4xx_HAL_Driver/Src/stm32f4xx_hal_adc.o
 .debug_frame   0x0000000000000ee4      0x250 Drivers/STM32F4xx_HAL_Driver/Src/stm32f4xx_hal_adc_ex.o
 .debug_frame   0x0000000000001134      0x498 Drivers/STM32F4xx_HAL_Driver/Src/stm32f4xx_hal_cortex.o
 .debug_frame   0x00000000000015cc      0x250 Drivers/STM32F4xx_HAL_Driver/Src/stm32f4xx_hal_dma.o
 .debug_frame   0x000000000000181c      0x14c Drivers/STM32F4xx_HAL_Driver/Src/stm32f4xx_hal_gpio.o
 .debug_frame   0x0000000000001968      0xc5c Drivers/STM32F4xx_HAL_Driver/Src/stm32f4xx_hal_i2c.o
 .debug_frame   0x00000000000025c4      0x1f0 Drivers/STM32F4xx_HAL_Driver/Src/stm32f4xx_hal_rcc.o
 .debug_frame   0x00000000000027b4     0x10f0 Drivers/STM32F4xx_HAL_Driver/Src/stm32f4xx_hal_tim.o
 .debug_frame   0x00000000000038a4      0x5c0 Drivers/STM32F4xx_HAL_Driver/Src/stm32f4xx_hal_tim_ex.o
 .debug_frame   0x0000000000003e64       0x2c c:/st/stm32cubeide_1.4.0/stm32cubeide/plugins/com.st.stm32cube.ide.mcu.externaltools.gnu-tools-for-stm32.7-2018-q2-update.win32_1.4.0.202007081208/tools/bin/../lib/gcc/arm-none-eabi/7.3.1/../../../../arm-none-eabi/lib/thumb/v7e-m/fpv4-sp/hard\libc_nano.a(lib_a-init.o)
 .debug_frame   0x0000000000003e90       0x20 c:/st/stm32cubeide_1.4.0/stm32cubeide/plugins/com.st.stm32cube.ide.mcu.externaltools.gnu-tools-for-stm32.7-2018-q2-update.win32_1.4.0.202007081208/tools/bin/../lib/gcc/arm-none-eabi/7.3.1/../../../../arm-none-eabi/lib/thumb/v7e-m/fpv4-sp/hard\libc_nano.a(lib_a-memset.o)
 .debug_frame   0x0000000000003eb0       0x20 c:/st/stm32cubeide_1.4.0/stm32cubeide/plugins/com.st.stm32cube.ide.mcu.externaltools.gnu-tools-for-stm32.7-2018-q2-update.win32_1.4.0.202007081208/tools/bin/../lib/gcc/arm-none-eabi/7.3.1/../../../../arm-none-eabi/lib/thumb/v7e-m/fpv4-sp/hard\libc_nano.a(lib_a-strcmp.o)
 .debug_frame   0x0000000000003ed0       0xac c:/st/stm32cubeide_1.4.0/stm32cubeide/plugins/com.st.stm32cube.ide.mcu.externaltools.gnu-tools-for-stm32.7-2018-q2-update.win32_1.4.0.202007081208/tools/bin/../lib/gcc/arm-none-eabi/7.3.1/thumb/v7e-m/fpv4-sp/hard\libgcc.a(_arm_addsubdf3.o)
 .debug_frame   0x0000000000003f7c       0x50 c:/st/stm32cubeide_1.4.0/stm32cubeide/plugins/com.st.stm32cube.ide.mcu.externaltools.gnu-tools-for-stm32.7-2018-q2-update.win32_1.4.0.202007081208/tools/bin/../lib/gcc/arm-none-eabi/7.3.1/thumb/v7e-m/fpv4-sp/hard\libgcc.a(_arm_muldivdf3.o)
 .debug_frame   0x0000000000003fcc       0x24 c:/st/stm32cubeide_1.4.0/stm32cubeide/plugins/com.st.stm32cube.ide.mcu.externaltools.gnu-tools-for-stm32.7-2018-q2-update.win32_1.4.0.202007081208/tools/bin/../lib/gcc/arm-none-eabi/7.3.1/thumb/v7e-m/fpv4-sp/hard\libgcc.a(_arm_truncdfsf2.o)
 .debug_frame   0x0000000000003ff0       0x2c c:/st/stm32cubeide_1.4.0/stm32cubeide/plugins/com.st.stm32cube.ide.mcu.externaltools.gnu-tools-for-stm32.7-2018-q2-update.win32_1.4.0.202007081208/tools/bin/../lib/gcc/arm-none-eabi/7.3.1/thumb/v7e-m/fpv4-sp/hard\libgcc.a(_aeabi_uldivmod.o)
 .debug_frame   0x000000000000401c       0x34 c:/st/stm32cubeide_1.4.0/stm32cubeide/plugins/com.st.stm32cube.ide.mcu.externaltools.gnu-tools-for-stm32.7-2018-q2-update.win32_1.4.0.202007081208/tools/bin/../lib/gcc/arm-none-eabi/7.3.1/thumb/v7e-m/fpv4-sp/hard\libgcc.a(_udivmoddi4.o)
