main.c:131:5:main	24	static
main.c:442:6:SystemClock_Config	88	static
main.c:486:13:MX_ADC1_Init	24	static
main.c:536:13:MX_I2C1_Init	8	static
main.c:570:13:MX_TIM1_Init	32	static
main.c:616:13:MX_TIM3_Init	48	static
main.c:674:13:MX_TIM4_Init	64	static
main.c:731:13:MX_DMA_Init	16	static
main.c:749:13:MX_GPIO_Init	48	static
main.c:813:6:HAL_GPIO_EXTI_Callback	16	static
main.c:825:6:usDelay	16	static
main.c:836:6:HAL_TIM_IC_CaptureCallback	16	static
main.c:856:6:dist_Ultrasonidos	24	static
main.c:886:6:animacion_ojos	24	static
main.c:958:6:Error_Handler	4	static
